Archive member included to satisfy reference by file (symbol)

/usr/lib/gcc/arm-none-eabi/13.2.1/../../../arm-none-eabi/lib/thumb/v8-m.main+fp/softfp/libm.a(libm_a-wf_sqrt.o)
                              CMakeFiles/rp2350_vvvf_bldc.dir/_deps/pico_sdk-src/src/rp2_common/pico_float/float_math.c.obj (sqrtf)
/usr/lib/gcc/arm-none-eabi/13.2.1/../../../arm-none-eabi/lib/thumb/v8-m.main+fp/softfp/libm.a(libm_a-ef_sqrt.o)
                              /usr/lib/gcc/arm-none-eabi/13.2.1/../../../arm-none-eabi/lib/thumb/v8-m.main+fp/softfp/libm.a(libm_a-wf_sqrt.o) (__ieee754_sqrtf)
/usr/lib/gcc/arm-none-eabi/13.2.1/thumb/v8-m.main+fp/softfp/libgcc.a(_arm_addsubdf3.o)
                              CMakeFiles/rp2350_vvvf_bldc.dir/_deps/pico_sdk-src/src/rp2_common/pico_float/float_math.c.obj (__aeabi_f2d)
/usr/lib/gcc/arm-none-eabi/13.2.1/thumb/v8-m.main+fp/softfp/libgcc.a(_aeabi_ldivmod.o)
                              CMakeFiles/rp2350_vvvf_bldc.dir/_deps/pico_sdk-src/src/common/pico_time/time.c.obj (__aeabi_ldivmod)
/usr/lib/gcc/arm-none-eabi/13.2.1/thumb/v8-m.main+fp/softfp/libgcc.a(_aeabi_uldivmod.o)
                              CMakeFiles/rp2350_vvvf_bldc.dir/_deps/pico_sdk-src/src/rp2_common/hardware_clocks/clocks.c.obj (__aeabi_uldivmod)
/usr/lib/gcc/arm-none-eabi/13.2.1/thumb/v8-m.main+fp/softfp/libgcc.a(_udivmoddi4.o)
                              /usr/lib/gcc/arm-none-eabi/13.2.1/thumb/v8-m.main+fp/softfp/libgcc.a(_aeabi_ldivmod.o) (__udivmoddi4)
/usr/lib/gcc/arm-none-eabi/13.2.1/thumb/v8-m.main+fp/softfp/libgcc.a(_dvmd_tls.o)
                              /usr/lib/gcc/arm-none-eabi/13.2.1/thumb/v8-m.main+fp/softfp/libgcc.a(_aeabi_ldivmod.o) (__aeabi_ldiv0)
/usr/lib/gcc/arm-none-eabi/13.2.1/../../../arm-none-eabi/lib/thumb/v8-m.main+fp/softfp/libg.a(libc_a-memset.o)
                              /usr/lib/gcc/arm-none-eabi/13.2.1/../../../arm-none-eabi/lib/thumb/v8-m.main+fp/softfp/crt0.o (memset)
/usr/lib/gcc/arm-none-eabi/13.2.1/../../../arm-none-eabi/lib/thumb/v8-m.main+fp/softfp/libg.a(libc_a-calloc.o)
                              CMakeFiles/rp2350_vvvf_bldc.dir/_deps/pico_sdk-src/src/rp2_common/pico_malloc/malloc.c.obj (calloc)
/usr/lib/gcc/arm-none-eabi/13.2.1/../../../arm-none-eabi/lib/thumb/v8-m.main+fp/softfp/libg.a(libc_a-errno.o)
                              /usr/lib/gcc/arm-none-eabi/13.2.1/../../../arm-none-eabi/lib/thumb/v8-m.main+fp/softfp/libm.a(libm_a-wf_sqrt.o) (__errno)
/usr/lib/gcc/arm-none-eabi/13.2.1/../../../arm-none-eabi/lib/thumb/v8-m.main+fp/softfp/libg.a(libc_a-impure.o)
                              /usr/lib/gcc/arm-none-eabi/13.2.1/../../../arm-none-eabi/lib/thumb/v8-m.main+fp/softfp/libg.a(libc_a-calloc.o) (_impure_ptr)
/usr/lib/gcc/arm-none-eabi/13.2.1/../../../arm-none-eabi/lib/thumb/v8-m.main+fp/softfp/libg.a(libc_a-callocr.o)
                              /usr/lib/gcc/arm-none-eabi/13.2.1/../../../arm-none-eabi/lib/thumb/v8-m.main+fp/softfp/libg.a(libc_a-calloc.o) (_calloc_r)
/usr/lib/gcc/arm-none-eabi/13.2.1/../../../arm-none-eabi/lib/thumb/v8-m.main+fp/softfp/libg.a(libc_a-realloc.o)
                              CMakeFiles/rp2350_vvvf_bldc.dir/_deps/pico_sdk-src/src/rp2_common/pico_malloc/malloc.c.obj (realloc)
/usr/lib/gcc/arm-none-eabi/13.2.1/../../../arm-none-eabi/lib/thumb/v8-m.main+fp/softfp/libg.a(libc_a-mallocr.o)
                              /usr/lib/gcc/arm-none-eabi/13.2.1/../../../arm-none-eabi/lib/thumb/v8-m.main+fp/softfp/libg.a(libc_a-callocr.o) (_malloc_r)
/usr/lib/gcc/arm-none-eabi/13.2.1/../../../arm-none-eabi/lib/thumb/v8-m.main+fp/softfp/libg.a(libc_a-freer.o)
                              /usr/lib/gcc/arm-none-eabi/13.2.1/../../../arm-none-eabi/lib/thumb/v8-m.main+fp/softfp/libg.a(libc_a-mallocr.o) (_free_r)
/usr/lib/gcc/arm-none-eabi/13.2.1/../../../arm-none-eabi/lib/thumb/v8-m.main+fp/softfp/libg.a(libc_a-memcmp.o)
                              CMakeFiles/rp2350_vvvf_bldc.dir/_deps/pico_sdk-src/src/rp2_common/pico_atomic/atomic.c.obj (memcmp)
/usr/lib/gcc/arm-none-eabi/13.2.1/../../../arm-none-eabi/lib/thumb/v8-m.main+fp/softfp/libg.a(libc_a-malloc.o)
                              CMakeFiles/rp2350_vvvf_bldc.dir/_deps/pico_sdk-src/src/rp2_common/pico_malloc/malloc.c.obj (malloc)
/usr/lib/gcc/arm-none-eabi/13.2.1/../../../arm-none-eabi/lib/thumb/v8-m.main+fp/softfp/libg.a(libc_a-memcpy.o)
                              CMakeFiles/rp2350_vvvf_bldc.dir/_deps/pico_sdk-src/src/common/pico_util/queue.c.obj (memcpy)
/usr/lib/gcc/arm-none-eabi/13.2.1/../../../arm-none-eabi/lib/thumb/v8-m.main+fp/softfp/libg.a(libc_a-sysconf.o)
                              /usr/lib/gcc/arm-none-eabi/13.2.1/../../../arm-none-eabi/lib/thumb/v8-m.main+fp/softfp/libg.a(libc_a-mallocr.o) (sysconf)
/usr/lib/gcc/arm-none-eabi/13.2.1/../../../arm-none-eabi/lib/thumb/v8-m.main+fp/softfp/libg.a(libc_a-init.o)
                              /usr/lib/gcc/arm-none-eabi/13.2.1/../../../arm-none-eabi/lib/thumb/v8-m.main+fp/softfp/crt0.o (__libc_init_array)
[...]
Memory Configuration

Name             Origin             Length             Attributes
FLASH            0x10000000         0x00400000         xr
RAM              0x20000000         0x00080000         xrw
SCRATCH_X        0x20080000         0x00001000         xrw
SCRATCH_Y        0x20081000         0x00001000         xrw
*default*        0x00000000         0xffffffff

Linker script and memory map

LOAD /usr/lib/gcc/arm-none-eabi/13.2.1/thumb/v8-m.main+fp/softfp/crti.o
LOAD /usr/lib/gcc/arm-none-eabi/13.2.1/thumb/v8-m.main+fp/softfp/crtbegin.o
LOAD /usr/lib/gcc/arm-none-eabi/13.2.1/../../../arm-none-eabi/lib/thumb/v8-m.main+fp/softfp/crt0.o

.flash_begin    0x10000000        0x0
                0x10000000                        __flash_binary_start = .

.text           0x10000000     0x42cc
                0x10000000                        __logical_binary_start = .
 *(.vectors)
 .vectors       0x10000000      0x124 CMakeFiles/rp2350_vvvf_bldc.dir/_deps/pico_sdk-src/src/rp2_common/pico_crt0/crt0.S.obj
                0x10000000                __vectors
                0x10000000                __VECTOR_TABLE
                0x10000110                isr_invalid
                0x10000110                __default_isrs_start
                0x10000112                isr_nmi
                0x10000114                isr_hardfault
                0x10000116                isr_svcall
                0x10000118                isr_pendsv
                0x1000011a                isr_systick
                0x1000011c                isr_irq30
                0x1000011c                __unhandled_user_irq
                0x1000011c                isr_irq49
                0x1000011c                isr_irq13
                0x1000011c                isr_irq43
                0x1000011c                isr_irq45
                0x1000011c                isr_irq27
                0x1000011c                isr_irq32
                0x1000011c                isr_irq31
                0x1000011c                isr_irq5
                0x1000011c                isr_irq11
                0x1000011c                isr_irq23
                0x1000011c                isr_irq48
                0x1000011c                isr_irq35
                0x1000011c                isr_irq18
                0x1000011c                isr_irq50
                0x1000011c                isr_irq40
                0x1000011c                isr_irq28
                0x1000011c                isr_irq19
                0x1000011c                isr_irq36
                0x1000011c                isr_irq41
                0x1000011c                isr_irq0
                0x1000011c                isr_irq6
                0x1000011c                isr_irq37
                0x1000011c                isr_irq42
                0x1000011c                isr_irq22
                0x1000011c                isr_irq17
                0x1000011c                isr_irq38
                0x1000011c                isr_irq14
                0x1000011c                isr_irq2
                0x1000011c                isr_irq10
                0x1000011c                isr_irq8
                0x1000011c                isr_irq24
                0x1000011c                isr_irq46
                0x1000011c                isr_irq1
                0x1000011c                isr_irq47
                0x1000011c                isr_irq51
                0x1000011c                isr_irq7
                0x1000011c                isr_irq21
                0x1000011c                isr_irq39
                0x1000011c                isr_irq20
                0x1000011c                isr_irq15
                0x1000011c                isr_irq25
                0x1000011c                isr_irq34
                0x1000011c                isr_irq4
                0x1000011c                isr_irq16
                0x1000011c                isr_irq44
                0x1000011c                isr_irq29
                0x1000011c                isr_irq26
                0x1000011c                __default_isrs_end
                0x1000011c                isr_irq33
                0x1000011c                isr_irq3
                0x1000011c                isr_irq12
                0x1000011c                isr_irq9
                0x10000122                unhandled_user_irq_num_in_r0
 *(.binary_info_header)
 .binary_info_header
                0x10000124       0x14 CMakeFiles/rp2350_vvvf_bldc.dir/_deps/pico_sdk-src/src/rp2_common/pico_crt0/crt0.S.obj
                0x10000138                        __binary_info_header_end = .
 *(.embedded_block)
 .embedded_block
                0x10000138       0x14 CMakeFiles/rp2350_vvvf_bldc.dir/_deps/pico_sdk-src/src/rp2_common/pico_crt0/crt0.S.obj
                0x1000014c                        __embedded_block_end = .
 *(.reset)
 .reset         0x1000014c       0xa0 CMakeFiles/rp2350_vvvf_bldc.dir/_deps/pico_sdk-src/src/rp2_common/pico_crt0/crt0.S.obj
                0x1000014c                _entry_point
 *(.init)
 .init          0x100001ec        0x4 /usr/lib/gcc/arm-none-eabi/13.2.1/thumb/v8-m.main+fp/softfp/crti.o
                0x100001ec                _init
 *libgcc.a:cmse_nonsecure_call.o()
 *(EXCLUDE_FILE(*libm.a: *libc.a:*lib_a-mem*.o *libgcc.a:) .text*)
 .text          0x100001f0       0x8c /usr/lib/gcc/arm-none-eabi/13.2.1/thumb/v8-m.main+fp/softfp/crtbegin.o
 .text.startup.main
                0x1000027c       0x70 CMakeFiles/rp2350_vvvf_bldc.dir/src/main.c.obj
                0x1000027c                main
 .text.gpio_set_function
                0x100002ec       0x3c CMakeFiles/rp2350_vvvf_bldc.dir/_deps/pico_sdk-src/src/rp2_common/hardware_gpio/gpio.c.obj
                0x100002ec                gpio_set_function
 .text.gpio_set_pulls
                0x10000328       0x28 CMakeFiles/rp2350_vvvf_bldc.dir/_deps/pico_sdk-src/src/rp2_common/hardware_gpio/gpio.c.obj
                0x10000328                gpio_set_pulls
 .text.gpio_set_input_enabled
                0x10000350       0x20 CMakeFiles/rp2350_vvvf_bldc.dir/_deps/pico_sdk-src/src/rp2_common/hardware_gpio/gpio.c.obj
                0x10000350                gpio_set_input_enabled
 .text.gpio_init
                0x10000370       0x48 CMakeFiles/rp2350_vvvf_bldc.dir/_deps/pico_sdk-src/src/rp2_common/hardware_gpio/gpio.c.obj
                0x10000370                gpio_init
 .text.panic    0x100003b8       0x30 CMakeFiles/rp2350_vvvf_bldc.dir/_deps/pico_sdk-src/src/rp2_common/pico_platform_panic/panic.c.obj
                0x100003b8                panic
 .text.hw_claim_or_assert
                0x100003e8       0x58 CMakeFiles/rp2350_vvvf_bldc.dir/_deps/pico_sdk-src/src/common/hardware_claim/claim.c.obj
                0x100003e8                hw_claim_or_assert
 .text.hw_claim_unused_from_range
                0x10000440       0x9c CMakeFiles/rp2350_vvvf_bldc.dir/_deps/pico_sdk-src/src/common/hardware_claim/claim.c.obj
                0x10000440                hw_claim_unused_from_range
 .text.next_striped_spin_lock_num
                0x100004dc       0x18 CMakeFiles/rp2350_vvvf_bldc.dir/_deps/pico_sdk-src/src/rp2_common/hardware_sync/sync.c.obj
                0x100004dc                next_striped_spin_lock_num
 .text.spin_lock_claim_unused
                0x100004f4       0x20 CMakeFiles/rp2350_vvvf_bldc.dir/_deps/pico_sdk-src/src/rp2_common/hardware_sync/sync.c.obj
                0x100004f4                spin_lock_claim_unused
 .text.spinlock_set_extexclall
                0x10000514       0x10 CMakeFiles/rp2350_vvvf_bldc.dir/_deps/pico_sdk-src/src/rp2_common/hardware_sync_spin_lock/sync_spin_lock.c.obj
 .text.spin_locks_reset
                0x10000524       0x18 CMakeFiles/rp2350_vvvf_bldc.dir/_deps/pico_sdk-src/src/rp2_common/hardware_sync_spin_lock/sync_spin_lock.c.obj
                0x10000524                spin_locks_reset
 .text.runtime_init_per_core_irq_priorities
                0x1000053c       0x40 CMakeFiles/rp2350_vvvf_bldc.dir/_deps/pico_sdk-src/src/rp2_common/hardware_irq/irq.c.obj
                0x1000053c                runtime_init_per_core_irq_priorities
 .text.irq_set_enabled
                0x1000057c       0x2c CMakeFiles/rp2350_vvvf_bldc.dir/_deps/pico_sdk-src/src/rp2_common/hardware_irq/irq.c.obj
                0x1000057c                irq_set_enabled
 .text.irq_is_enabled
                0x100005a8       0x20 CMakeFiles/rp2350_vvvf_bldc.dir/_deps/pico_sdk-src/src/rp2_common/hardware_irq/irq.c.obj
                0x100005a8                irq_is_enabled
 .text.irq_set_pending
                0x100005c8       0x18 CMakeFiles/rp2350_vvvf_bldc.dir/_deps/pico_sdk-src/src/rp2_common/hardware_irq/irq.c.obj
                0x100005c8                irq_set_pending
 .text.irq_has_shared_handler
                0x100005e0       0x24 CMakeFiles/rp2350_vvvf_bldc.dir/_deps/pico_sdk-src/src/rp2_common/hardware_irq/irq.c.obj
                0x100005e0                irq_has_shared_handler
 .text.irq_set_exclusive_handler
                0x10000604       0x60 CMakeFiles/rp2350_vvvf_bldc.dir/_deps/pico_sdk-src/src/rp2_common/hardware_irq/irq.c.obj
                0x10000604                irq_set_exclusive_handler
 .text.irq_add_shared_handler
                0x10000664      0x1e8 CMakeFiles/rp2350_vvvf_bldc.dir/_deps/pico_sdk-src/src/rp2_common/hardware_irq/irq.c.obj
                0x10000664                irq_add_shared_handler
 .text.irq_add_tail_to_free_list
                0x1000084c       0xbc CMakeFiles/rp2350_vvvf_bldc.dir/_deps/pico_sdk-src/src/rp2_common/hardware_irq/irq.c.obj
                0x1000084c                irq_add_tail_to_free_list
 .text.user_irq_claim_unused
                0x10000908       0x28 CMakeFiles/rp2350_vvvf_bldc.dir/_deps/pico_sdk-src/src/rp2_common/hardware_irq/irq.c.obj
                0x10000908                user_irq_claim_unused
 .text.lock_init
                0x10000930        0xc CMakeFiles/rp2350_vvvf_bldc.dir/_deps/pico_sdk-src/src/common/pico_sync/lock_core.c.obj
                0x10000930                lock_init
 .text.runtime_init_mutex
                0x1000093c       0x4c CMakeFiles/rp2350_vvvf_bldc.dir/_deps/pico_sdk-src/src/common/pico_sync/mutex.c.obj
                0x1000093c                runtime_init_mutex
 .text.mutex_init
                0x10000988       0x1c CMakeFiles/rp2350_vvvf_bldc.dir/_deps/pico_sdk-src/src/common/pico_sync/mutex.c.obj
                0x10000988                mutex_init
 .text.critical_section_init
                0x100009a4       0x1c CMakeFiles/rp2350_vvvf_bldc.dir/_deps/pico_sdk-src/src/common/pico_sync/critical_section.c.obj
                0x100009a4                critical_section_init
 .text.critical_section_init_with_lock_num
                0x100009c0       0x10 CMakeFiles/rp2350_vvvf_bldc.dir/_deps/pico_sdk-src/src/common/pico_sync/critical_section.c.obj
                0x100009c0                critical_section_init_with_lock_num
 .text.sleep_until_callback
                0x100009d0       0x3c CMakeFiles/rp2350_vvvf_bldc.dir/_deps/pico_sdk-src/src/common/pico_time/time.c.obj
 .text.alarm_pool_irq_handler
                0x10000a0c      0x2d0 CMakeFiles/rp2350_vvvf_bldc.dir/_deps/pico_sdk-src/src/common/pico_time/time.c.obj
 .text.runtime_init_default_alarm_pool
                0x10000cdc      0x100 CMakeFiles/rp2350_vvvf_bldc.dir/_deps/pico_sdk-src/src/common/pico_time/time.c.obj
                0x10000cdc                runtime_init_default_alarm_pool
 .text.alarm_pool_get_default
                0x10000ddc        0x8 CMakeFiles/rp2350_vvvf_bldc.dir/_deps/pico_sdk-src/src/common/pico_time/time.c.obj
                0x10000ddc                alarm_pool_get_default
 .text.alarm_pool_add_alarm_at
                0x10000de4       0xdc CMakeFiles/rp2350_vvvf_bldc.dir/_deps/pico_sdk-src/src/common/pico_time/time.c.obj
                0x10000de4                alarm_pool_add_alarm_at
 .text.alarm_pool_add_alarm_at_force_in_context
                0x10000ec0       0xc8 CMakeFiles/rp2350_vvvf_bldc.dir/_deps/pico_sdk-src/src/common/pico_time/time.c.obj
                0x10000ec0                alarm_pool_add_alarm_at_force_in_context
 .text.alarm_pool_cancel_alarm
                0x10000f88       0x80 CMakeFiles/rp2350_vvvf_bldc.dir/_deps/pico_sdk-src/src/common/pico_time/time.c.obj
                0x10000f88                alarm_pool_cancel_alarm
 .text.alarm_pool_core_num
                0x10001008        0x4 CMakeFiles/rp2350_vvvf_bldc.dir/_deps/pico_sdk-src/src/common/pico_time/time.c.obj
                0x10001008                alarm_pool_core_num
 .text.sleep_until
                0x1000100c       0xbc CMakeFiles/rp2350_vvvf_bldc.dir/_deps/pico_sdk-src/src/common/pico_time/time.c.obj
                0x1000100c                sleep_until
 .text.sleep_ms
                0x100010c8       0x2c CMakeFiles/rp2350_vvvf_bldc.dir/_deps/pico_sdk-src/src/common/pico_time/time.c.obj
                0x100010c8                sleep_ms
 .text.best_effort_wfe_or_timeout
                0x100010f4      0x128 CMakeFiles/rp2350_vvvf_bldc.dir/_deps/pico_sdk-src/src/common/pico_time/time.c.obj
                0x100010f4                best_effort_wfe_or_timeout
 .text.timer_hardware_alarm_claim
                0x1000121c       0x24 CMakeFiles/rp2350_vvvf_bldc.dir/_deps/pico_sdk-src/src/rp2_common/hardware_timer/timer.c.obj
                0x1000121c                timer_hardware_alarm_claim
 .text.timer_time_us_64
                0x10001240       0x10 CMakeFiles/rp2350_vvvf_bldc.dir/_deps/pico_sdk-src/src/rp2_common/hardware_timer/timer.c.obj
                0x10001240                timer_time_us_64
 .text.time_us_64
                0x10001250       0x14 CMakeFiles/rp2350_vvvf_bldc.dir/_deps/pico_sdk-src/src/rp2_common/hardware_timer/timer.c.obj
                0x10001250                time_us_64
 .text.busy_wait_until
                0x10001264       0x24 CMakeFiles/rp2350_vvvf_bldc.dir/_deps/pico_sdk-src/src/rp2_common/hardware_timer/timer.c.obj
                0x10001264                busy_wait_until
 .text.clock_configure_undivided
                0x10001288       0xd0 CMakeFiles/rp2350_vvvf_bldc.dir/_deps/pico_sdk-src/src/rp2_common/hardware_clocks/clocks.c.obj
                0x10001288                clock_configure_undivided
 .text.clock_get_hz
                0x10001358        0xc CMakeFiles/rp2350_vvvf_bldc.dir/_deps/pico_sdk-src/src/rp2_common/hardware_clocks/clocks.c.obj
                0x10001358                clock_get_hz
 .text.pll_init
                0x10001364       0x8c CMakeFiles/rp2350_vvvf_bldc.dir/_deps/pico_sdk-src/src/rp2_common/hardware_pll/pll.c.obj
                0x10001364                pll_init
 .text.watchdog_reboot
                0x100013f0       0x98 CMakeFiles/rp2350_vvvf_bldc.dir/_deps/pico_sdk-src/src/rp2_common/hardware_watchdog/watchdog.c.obj
                0x100013f0                watchdog_reboot
 .text.tick_start
                0x10001488       0x18 CMakeFiles/rp2350_vvvf_bldc.dir/_deps/pico_sdk-src/src/rp2_common/hardware_ticks/ticks.c.obj
                0x10001488                tick_start
 .text.xosc_init
                0x100014a0       0x2c CMakeFiles/rp2350_vvvf_bldc.dir/_deps/pico_sdk-src/src/rp2_common/hardware_xosc/xosc.c.obj
                0x100014a0                xosc_init
 .text.first_per_core_initializer
                0x100014cc        0x4 CMakeFiles/rp2350_vvvf_bldc.dir/_deps/pico_sdk-src/src/rp2_common/pico_runtime/runtime.c.obj
 .text.hard_assertion_failure
                0x100014d0        0xc CMakeFiles/rp2350_vvvf_bldc.dir/_deps/pico_sdk-src/src/rp2_common/pico_runtime/runtime.c.obj
                0x100014d0                hard_assertion_failure
 .text.runtime_run_initializers
                0x100014dc       0x20 CMakeFiles/rp2350_vvvf_bldc.dir/_deps/pico_sdk-src/src/rp2_common/pico_runtime/runtime.c.obj
                0x100014dc                runtime_run_initializers
 .text.runtime_init_early_resets
                0x100014fc       0x34 CMakeFiles/rp2350_vvvf_bldc.dir/_deps/pico_sdk-src/src/rp2_common/pico_runtime_init/runtime_init.c.obj
                0x100014fc                runtime_init_early_resets
 .text.runtime_init_usb_power_down
                0x10001530       0x1c CMakeFiles/rp2350_vvvf_bldc.dir/_deps/pico_sdk-src/src/rp2_common/pico_runtime_init/runtime_init.c.obj
                0x10001530                runtime_init_usb_power_down
 .text.runtime_init_per_core_enable_coprocessors
                0x1000154c       0x1c CMakeFiles/rp2350_vvvf_bldc.dir/_deps/pico_sdk-src/src/rp2_common/pico_runtime_init/runtime_init.c.obj
                0x1000154c                runtime_init_per_core_enable_coprocessors
 .text.runtime_init_post_clock_resets
                0x10001568       0x20 CMakeFiles/rp2350_vvvf_bldc.dir/_deps/pico_sdk-src/src/rp2_common/pico_runtime_init/runtime_init.c.obj
                0x10001568                runtime_init_post_clock_resets
 .text.runtime_init_bootrom_reset
                0x10001588       0x14 CMakeFiles/rp2350_vvvf_bldc.dir/_deps/pico_sdk-src/src/rp2_common/pico_runtime_init/runtime_init.c.obj
                0x10001588                runtime_init_bootrom_reset
 .text.runtime_init_per_core_bootrom_reset
                0x1000159c       0x14 CMakeFiles/rp2350_vvvf_bldc.dir/_deps/pico_sdk-src/src/rp2_common/pico_runtime_init/runtime_init.c.obj
                0x1000159c                runtime_init_per_core_bootrom_reset
 .text.runtime_init_spin_locks_reset
                0x100015b0        0x4 CMakeFiles/rp2350_vvvf_bldc.dir/_deps/pico_sdk-src/src/rp2_common/pico_runtime_init/runtime_init.c.obj
                0x100015b0                runtime_init_spin_locks_reset
 .text.runtime_init_install_ram_vector_table
                0x100015b4       0x20 CMakeFiles/rp2350_vvvf_bldc.dir/_deps/pico_sdk-src/src/rp2_common/pico_runtime_init/runtime_init.c.obj
                0x100015b4                runtime_init_install_ram_vector_table
 .text.runtime_init_clocks
                0x100015d4       0xdc CMakeFiles/rp2350_vvvf_bldc.dir/_deps/pico_sdk-src/src/rp2_common/pico_runtime_init/runtime_init_clocks.c.obj
                0x100015d4                runtime_init_clocks
 .text.rom_func_lookup
                0x100016b0       0x20 CMakeFiles/rp2350_vvvf_bldc.dir/_deps/pico_sdk-src/src/rp2_common/pico_bootrom/bootrom.c.obj
                0x100016b0                rom_func_lookup
 .text.rom_reset_usb_boot
                0x100016d0       0x44 CMakeFiles/rp2350_vvvf_bldc.dir/_deps/pico_sdk-src/src/rp2_common/pico_bootrom/bootrom.c.obj
                0x100016d0                rom_reset_usb_boot
 .text.runtime_init_bootrom_locking_enable
                0x10001714       0x14 CMakeFiles/rp2350_vvvf_bldc.dir/_deps/pico_sdk-src/src/rp2_common/pico_bootrom/bootrom_lock.c.obj
                0x10001714                runtime_init_bootrom_locking_enable
 .text.runtime_init_boot_locks_reset
                0x10001728       0x1c CMakeFiles/rp2350_vvvf_bldc.dir/_deps/pico_sdk-src/src/rp2_common/hardware_boot_lock/boot_lock.c.obj
                0x10001728                runtime_init_boot_locks_reset
 .text._out_char
                0x10001744        0x8 CMakeFiles/rp2350_vvvf_bldc.dir/_deps/pico_sdk-src/src/rp2_common/pico_printf/printf.c.obj
 .text.weak_raw_vprintf
                0x1000174c       0x30 CMakeFiles/rp2350_vvvf_bldc.dir/_deps/pico_sdk-src/src/rp2_common/pico_printf/printf.c.obj
                0x1000174c                weak_raw_vprintf
 .text._exit    0x1000177c        0x4 CMakeFiles/rp2350_vvvf_bldc.dir/_deps/pico_sdk-src/src/rp2_common/pico_clib_interface/newlib_interface.c.obj
                0x1000177c                _exit
 .text.exit     0x10001780        0x8 CMakeFiles/rp2350_vvvf_bldc.dir/_deps/pico_sdk-src/src/rp2_common/pico_clib_interface/newlib_interface.c.obj
                0x10001780                exit
 .text.runtime_init
                0x10001788       0x24 CMakeFiles/rp2350_vvvf_bldc.dir/_deps/pico_sdk-src/src/rp2_common/pico_clib_interface/newlib_interface.c.obj
                0x10001788                runtime_init
 .text.stdio_out_chars_no_crlf
                0x100017ac        0x8 CMakeFiles/rp2350_vvvf_bldc.dir/_deps/pico_sdk-src/src/rp2_common/pico_stdio/stdio.c.obj
 .text.stdio_out_chars_crlf
                0x100017b4       0xac CMakeFiles/rp2350_vvvf_bldc.dir/_deps/pico_sdk-src/src/rp2_common/pico_stdio/stdio.c.obj
 .text.stdio_put_string
                0x10001860       0xf0 CMakeFiles/rp2350_vvvf_bldc.dir/_deps/pico_sdk-src/src/rp2_common/pico_stdio/stdio.c.obj
                0x10001860                stdio_put_string
 .text.stdio_set_driver_enabled
                0x10001950       0x30 CMakeFiles/rp2350_vvvf_bldc.dir/_deps/pico_sdk-src/src/rp2_common/pico_stdio/stdio.c.obj
                0x10001950                stdio_set_driver_enabled
 .text.stdio_init_all
                0x10001980        0x4 CMakeFiles/rp2350_vvvf_bldc.dir/_deps/pico_sdk-src/src/rp2_common/pico_stdio/stdio.c.obj
                0x10001980                stdio_init_all
 .text.__wrap_putchar
                0x10001984       0x84 CMakeFiles/rp2350_vvvf_bldc.dir/_deps/pico_sdk-src/src/rp2_common/pico_stdio/stdio.c.obj
                0x10001984                stdio_putchar
                0x10001984                __wrap_putchar
 .text.__wrap_puts
                0x10001a08       0x3c CMakeFiles/rp2350_vvvf_bldc.dir/_deps/pico_sdk-src/src/rp2_common/pico_stdio/stdio.c.obj
                0x10001a08                __wrap_puts
                0x10001a08                stdio_puts
 .text.resetd_init
                0x10001a44        0x4 CMakeFiles/rp2350_vvvf_bldc.dir/_deps/pico_sdk-src/src/rp2_common/pico_stdio_usb/reset_interface.c.obj
 .text.resetd_reset
                0x10001a48        0xc CMakeFiles/rp2350_vvvf_bldc.dir/_deps/pico_sdk-src/src/rp2_common/pico_stdio_usb/reset_interface.c.obj
 .text.resetd_open
                0x10001a54       0x28 CMakeFiles/rp2350_vvvf_bldc.dir/_deps/pico_sdk-src/src/rp2_common/pico_stdio_usb/reset_interface.c.obj
 .text.resetd_xfer_cb
                0x10001a7c        0x4 CMakeFiles/rp2350_vvvf_bldc.dir/_deps/pico_sdk-src/src/rp2_common/pico_stdio_usb/reset_interface.c.obj
 .text.resetd_control_xfer_cb
                0x10001a80       0x4c CMakeFiles/rp2350_vvvf_bldc.dir/_deps/pico_sdk-src/src/rp2_common/pico_stdio_usb/reset_interface.c.obj
 .text.tud_descriptor_bos_cb
                0x10001acc        0x8 CMakeFiles/rp2350_vvvf_bldc.dir/_deps/pico_sdk-src/src/rp2_common/pico_stdio_usb/reset_interface.c.obj
                0x10001acc                tud_descriptor_bos_cb
 .text.tud_vendor_control_xfer_cb
                0x10001ad4       0x28 CMakeFiles/rp2350_vvvf_bldc.dir/_deps/pico_sdk-src/src/rp2_common/pico_stdio_usb/reset_interface.c.obj
                0x10001ad4                tud_vendor_control_xfer_cb
 .text.usbd_app_driver_get_cb
                0x10001afc       0x10 CMakeFiles/rp2350_vvvf_bldc.dir/_deps/pico_sdk-src/src/rp2_common/pico_stdio_usb/reset_interface.c.obj
                0x10001afc                usbd_app_driver_get_cb
 .text.tud_cdc_line_coding_cb
                0x10001b0c       0x14 CMakeFiles/rp2350_vvvf_bldc.dir/_deps/pico_sdk-src/src/rp2_common/pico_stdio_usb/reset_interface.c.obj
                0x10001b0c                tud_cdc_line_coding_cb
 .text.stdio_usb_set_chars_available_callback
                0x10001b20       0x14 CMakeFiles/rp2350_vvvf_bldc.dir/_deps/pico_sdk-src/src/rp2_common/pico_stdio_usb/stdio_usb.c.obj
                0x10001b20                stdio_usb_set_chars_available_callback
 .text.timer_task
                0x10001b34       0x70 CMakeFiles/rp2350_vvvf_bldc.dir/_deps/pico_sdk-src/src/rp2_common/pico_stdio_usb/stdio_usb.c.obj
 .text.usb_irq  0x10001ba4        0xc CMakeFiles/rp2350_vvvf_bldc.dir/_deps/pico_sdk-src/src/rp2_common/pico_stdio_usb/stdio_usb.c.obj
 .text.stdio_usb_in_chars
                0x10001bb0       0x88 CMakeFiles/rp2350_vvvf_bldc.dir/_deps/pico_sdk-src/src/rp2_common/pico_stdio_usb/stdio_usb.c.obj
                0x10001bb0                stdio_usb_in_chars
 .text.stdio_usb_out_flush
                0x10001c38       0x54 CMakeFiles/rp2350_vvvf_bldc.dir/_deps/pico_sdk-src/src/rp2_common/pico_stdio_usb/stdio_usb.c.obj
 .text.stdio_usb_out_chars
                0x10001c8c       0xf4 CMakeFiles/rp2350_vvvf_bldc.dir/_deps/pico_sdk-src/src/rp2_common/pico_stdio_usb/stdio_usb.c.obj
 .text.low_priority_worker_irq
                0x10001d80       0xd8 CMakeFiles/rp2350_vvvf_bldc.dir/_deps/pico_sdk-src/src/rp2_common/pico_stdio_usb/stdio_usb.c.obj
 .text.stdio_usb_init
                0x10001e58       0xe4 CMakeFiles/rp2350_vvvf_bldc.dir/_deps/pico_sdk-src/src/rp2_common/pico_stdio_usb/stdio_usb.c.obj
                0x10001e58                stdio_usb_init
 .text.tud_descriptor_device_cb
                0x10001f3c        0x8 CMakeFiles/rp2350_vvvf_bldc.dir/_deps/pico_sdk-src/src/rp2_common/pico_stdio_usb/stdio_usb_descriptors.c.obj
                0x10001f3c                tud_descriptor_device_cb
 .text.tud_descriptor_configuration_cb
                0x10001f44        0x8 CMakeFiles/rp2350_vvvf_bldc.dir/_deps/pico_sdk-src/src/rp2_common/pico_stdio_usb/stdio_usb_descriptors.c.obj
                0x10001f44                tud_descriptor_configuration_cb
 .text.tud_descriptor_string_cb
                0x10001f4c       0x70 CMakeFiles/rp2350_vvvf_bldc.dir/_deps/pico_sdk-src/src/rp2_common/pico_stdio_usb/stdio_usb_descriptors.c.obj
                0x10001f4c                tud_descriptor_string_cb
 .text.startup._retrieve_unique_id_on_boot
                0x10001fbc       0x30 CMakeFiles/rp2350_vvvf_bldc.dir/_deps/pico_sdk-src/src/rp2_common/pico_unique_id/unique_id.c.obj
 .text.pico_get_unique_board_id_string
                0x10001fec      0x184 CMakeFiles/rp2350_vvvf_bldc.dir/_deps/pico_sdk-src/src/rp2_common/pico_unique_id/unique_id.c.obj
                0x10001fec                pico_get_unique_board_id_string
 .text.dcd_init
                0x10002170       0x90 CMakeFiles/rp2350_vvvf_bldc.dir/_deps/pico_sdk-src/lib/tinyusb/src/portable/raspberrypi/rp2040/dcd_rp2040.c.obj
                0x10002170                dcd_init
 .text.dcd_int_enable
                0x10002200        0x8 CMakeFiles/rp2350_vvvf_bldc.dir/_deps/pico_sdk-src/lib/tinyusb/src/portable/raspberrypi/rp2040/dcd_rp2040.c.obj
                0x10002200                dcd_int_enable
 .text.dcd_set_address
                0x10002208       0x10 CMakeFiles/rp2350_vvvf_bldc.dir/_deps/pico_sdk-src/lib/tinyusb/src/portable/raspberrypi/rp2040/dcd_rp2040.c.obj
                0x10002208                dcd_set_address
 .text.dcd_sof_enable
                0x10002218       0x1c CMakeFiles/rp2350_vvvf_bldc.dir/_deps/pico_sdk-src/lib/tinyusb/src/portable/raspberrypi/rp2040/dcd_rp2040.c.obj
                0x10002218                dcd_sof_enable
 .text.dcd_edpt0_status_complete
                0x10002234       0x1c CMakeFiles/rp2350_vvvf_bldc.dir/_deps/pico_sdk-src/lib/tinyusb/src/portable/raspberrypi/rp2040/dcd_rp2040.c.obj
                0x10002234                dcd_edpt0_status_complete
 .text.dcd_edpt_open
                0x10002250       0xf8 CMakeFiles/rp2350_vvvf_bldc.dir/_deps/pico_sdk-src/lib/tinyusb/src/portable/raspberrypi/rp2040/dcd_rp2040.c.obj
                0x10002250                dcd_edpt_open
 .text.dcd_edpt_close_all
                0x10002348        0x4 CMakeFiles/rp2350_vvvf_bldc.dir/_deps/pico_sdk-src/lib/tinyusb/src/portable/raspberrypi/rp2040/dcd_rp2040.c.obj
                0x10002348                dcd_edpt_close_all
 .text.dcd_edpt_xfer
                0x1000234c       0x28 CMakeFiles/rp2350_vvvf_bldc.dir/_deps/pico_sdk-src/lib/tinyusb/src/portable/raspberrypi/rp2040/dcd_rp2040.c.obj
                0x1000234c                dcd_edpt_xfer
 .text.dcd_edpt_stall
                0x10002374       0x2c CMakeFiles/rp2350_vvvf_bldc.dir/_deps/pico_sdk-src/lib/tinyusb/src/portable/raspberrypi/rp2040/dcd_rp2040.c.obj
                0x10002374                dcd_edpt_stall
 .text.dcd_edpt_clear_stall
                0x100023a0       0x2c CMakeFiles/rp2350_vvvf_bldc.dir/_deps/pico_sdk-src/lib/tinyusb/src/portable/raspberrypi/rp2040/dcd_rp2040.c.obj
                0x100023a0                dcd_edpt_clear_stall
 .text.rp2040_usb_init
                0x100023cc       0x40 CMakeFiles/rp2350_vvvf_bldc.dir/_deps/pico_sdk-src/lib/tinyusb/src/portable/raspberrypi/rp2040/rp2040_usb.c.obj
                0x100023cc                rp2040_usb_init
 .text.hw_endpoint_xfer_start
                0x1000240c       0x40 CMakeFiles/rp2350_vvvf_bldc.dir/_deps/pico_sdk-src/lib/tinyusb/src/portable/raspberrypi/rp2040/rp2040_usb.c.obj
                0x1000240c                hw_endpoint_xfer_start
 .text.configuration_reset
                0x1000244c       0x8c CMakeFiles/rp2350_vvvf_bldc.dir/_deps/pico_sdk-src/lib/tinyusb/src/device/usbd.c.obj
 .text.tud_event_hook_cb
                0x100024d8        0x4 CMakeFiles/rp2350_vvvf_bldc.dir/_deps/pico_sdk-src/lib/tinyusb/src/device/usbd.c.obj
                0x100024d8                tud_event_hook_cb
 .text.tud_sof_cb
                0x100024dc        0x4 CMakeFiles/rp2350_vvvf_bldc.dir/_deps/pico_sdk-src/lib/tinyusb/src/device/usbd.c.obj
                0x100024dc                tud_sof_cb
 .text.tud_descriptor_device_qualifier_cb
                0x100024e0        0x4 CMakeFiles/rp2350_vvvf_bldc.dir/_deps/pico_sdk-src/lib/tinyusb/src/device/usbd.c.obj
                0x100024e0                tud_descriptor_device_qualifier_cb
 .text.tud_descriptor_other_speed_configuration_cb
                0x100024e4        0x4 CMakeFiles/rp2350_vvvf_bldc.dir/_deps/pico_sdk-src/lib/tinyusb/src/device/usbd.c.obj
                0x100024e4                tud_descriptor_other_speed_configuration_cb
 .text.tud_mount_cb
                0x100024e8        0x4 CMakeFiles/rp2350_vvvf_bldc.dir/_deps/pico_sdk-src/lib/tinyusb/src/device/usbd.c.obj
                0x100024e8                tud_mount_cb
 .text.tud_umount_cb
                0x100024ec        0x4 CMakeFiles/rp2350_vvvf_bldc.dir/_deps/pico_sdk-src/lib/tinyusb/src/device/usbd.c.obj
                0x100024ec                tud_umount_cb
 .text.tud_suspend_cb
                0x100024f0        0x4 CMakeFiles/rp2350_vvvf_bldc.dir/_deps/pico_sdk-src/lib/tinyusb/src/device/usbd.c.obj
                0x100024f0                tud_suspend_cb
 .text.tud_resume_cb
                0x100024f4        0x4 CMakeFiles/rp2350_vvvf_bldc.dir/_deps/pico_sdk-src/lib/tinyusb/src/device/usbd.c.obj
                0x100024f4                tud_resume_cb
 .text.tud_mounted
                0x100024f8       0x10 CMakeFiles/rp2350_vvvf_bldc.dir/_deps/pico_sdk-src/lib/tinyusb/src/device/usbd.c.obj
                0x100024f8                tud_mounted
 .text.tud_suspended
                0x10002508       0x10 CMakeFiles/rp2350_vvvf_bldc.dir/_deps/pico_sdk-src/lib/tinyusb/src/device/usbd.c.obj
                0x10002508                tud_suspended
 .text.tud_init
                0x10002518       0xe8 CMakeFiles/rp2350_vvvf_bldc.dir/_deps/pico_sdk-src/lib/tinyusb/src/device/usbd.c.obj
                0x10002518                tud_init
 .text.tud_task_ext
                0x10002600      0x784 CMakeFiles/rp2350_vvvf_bldc.dir/_deps/pico_sdk-src/lib/tinyusb/src/device/usbd.c.obj
                0x10002600                tud_task_ext
 .text.usbd_open_edpt_pair
                0x10002d84       0x9c CMakeFiles/rp2350_vvvf_bldc.dir/_deps/pico_sdk-src/lib/tinyusb/src/device/usbd.c.obj
                0x10002d84                usbd_open_edpt_pair
 .text.usbd_edpt_open
                0x10002e20       0x44 CMakeFiles/rp2350_vvvf_bldc.dir/_deps/pico_sdk-src/lib/tinyusb/src/device/usbd.c.obj
                0x10002e20                usbd_edpt_open
 .text.usbd_edpt_claim
                0x10002e64       0x24 CMakeFiles/rp2350_vvvf_bldc.dir/_deps/pico_sdk-src/lib/tinyusb/src/device/usbd.c.obj
                0x10002e64                usbd_edpt_claim
 .text.usbd_edpt_release
                0x10002e88       0x24 CMakeFiles/rp2350_vvvf_bldc.dir/_deps/pico_sdk-src/lib/tinyusb/src/device/usbd.c.obj
                0x10002e88                usbd_edpt_release
 .text.usbd_edpt_xfer
                0x10002eac       0x70 CMakeFiles/rp2350_vvvf_bldc.dir/_deps/pico_sdk-src/lib/tinyusb/src/device/usbd.c.obj
                0x10002eac                usbd_edpt_xfer
 .text.tud_control_status
                0x10002f1c       0x34 CMakeFiles/rp2350_vvvf_bldc.dir/_deps/pico_sdk-src/lib/tinyusb/src/device/usbd_control.c.obj
                0x10002f1c                tud_control_status
 .text.tud_control_xfer
                0x10002f50       0xac CMakeFiles/rp2350_vvvf_bldc.dir/_deps/pico_sdk-src/lib/tinyusb/src/device/usbd_control.c.obj
                0x10002f50                tud_control_xfer
 .text.usbd_control_reset
                0x10002ffc       0x14 CMakeFiles/rp2350_vvvf_bldc.dir/_deps/pico_sdk-src/lib/tinyusb/src/device/usbd_control.c.obj
                0x10002ffc                usbd_control_reset
 .text.usbd_control_set_complete_callback
                0x10003010        0xc CMakeFiles/rp2350_vvvf_bldc.dir/_deps/pico_sdk-src/lib/tinyusb/src/device/usbd_control.c.obj
                0x10003010                usbd_control_set_complete_callback
 .text.usbd_control_set_request
                0x1000301c       0x1c CMakeFiles/rp2350_vvvf_bldc.dir/_deps/pico_sdk-src/lib/tinyusb/src/device/usbd_control.c.obj
                0x1000301c                usbd_control_set_request
 .text.usbd_control_xfer_cb
                0x10003038       0xfc CMakeFiles/rp2350_vvvf_bldc.dir/_deps/pico_sdk-src/lib/tinyusb/src/device/usbd_control.c.obj
                0x10003038                usbd_control_xfer_cb
 .text._prep_out_transaction.isra.0
                0x10003134       0x60 CMakeFiles/rp2350_vvvf_bldc.dir/_deps/pico_sdk-src/lib/tinyusb/src/class/cdc/cdc_device.c.obj
 .text.tud_cdc_n_connected
                0x10003194       0x2c CMakeFiles/rp2350_vvvf_bldc.dir/_deps/pico_sdk-src/lib/tinyusb/src/class/cdc/cdc_device.c.obj
                0x10003194                tud_cdc_n_connected
 .text.tud_cdc_n_available
                0x100031c0       0x18 CMakeFiles/rp2350_vvvf_bldc.dir/_deps/pico_sdk-src/lib/tinyusb/src/class/cdc/cdc_device.c.obj
                0x100031c0                tud_cdc_n_available
 .text.tud_cdc_n_read
                0x100031d8       0x90 CMakeFiles/rp2350_vvvf_bldc.dir/_deps/pico_sdk-src/lib/tinyusb/src/class/cdc/cdc_device.c.obj
                0x100031d8                tud_cdc_n_read
 .text.tud_cdc_n_write_flush
                0x10003268       0x8c CMakeFiles/rp2350_vvvf_bldc.dir/_deps/pico_sdk-src/lib/tinyusb/src/class/cdc/cdc_device.c.obj
                0x10003268                tud_cdc_n_write_flush
 .text.tud_cdc_n_write
                0x100032f4       0x40 CMakeFiles/rp2350_vvvf_bldc.dir/_deps/pico_sdk-src/lib/tinyusb/src/class/cdc/cdc_device.c.obj
                0x100032f4                tud_cdc_n_write
 .text.tud_cdc_n_write_available
                0x10003334       0x18 CMakeFiles/rp2350_vvvf_bldc.dir/_deps/pico_sdk-src/lib/tinyusb/src/class/cdc/cdc_device.c.obj
                0x10003334                tud_cdc_n_write_available
 .text.cdcd_init
                0x1000334c       0x78 CMakeFiles/rp2350_vvvf_bldc.dir/_deps/pico_sdk-src/lib/tinyusb/src/class/cdc/cdc_device.c.obj
                0x1000334c                cdcd_init
 .text.cdcd_deinit
                0x100033c4       0x2c CMakeFiles/rp2350_vvvf_bldc.dir/_deps/pico_sdk-src/lib/tinyusb/src/class/cdc/cdc_device.c.obj
                0x100033c4                cdcd_deinit
 .text.cdcd_reset
                0x100033f0       0x4c CMakeFiles/rp2350_vvvf_bldc.dir/_deps/pico_sdk-src/lib/tinyusb/src/class/cdc/cdc_device.c.obj
                0x100033f0                cdcd_reset
 .text.cdcd_open
                0x1000343c       0xb4 CMakeFiles/rp2350_vvvf_bldc.dir/_deps/pico_sdk-src/lib/tinyusb/src/class/cdc/cdc_device.c.obj
                0x1000343c                cdcd_open
 .text.cdcd_control_xfer_cb
                0x100034f0       0xc4 CMakeFiles/rp2350_vvvf_bldc.dir/_deps/pico_sdk-src/lib/tinyusb/src/class/cdc/cdc_device.c.obj
                0x100034f0                cdcd_control_xfer_cb
 .text.cdcd_xfer_cb
                0x100035b4       0xfc CMakeFiles/rp2350_vvvf_bldc.dir/_deps/pico_sdk-src/lib/tinyusb/src/class/cdc/cdc_device.c.obj
                0x100035b4                cdcd_xfer_cb
 .text.tud_vendor_n_write_flush
                0x100036b0       0x8c CMakeFiles/rp2350_vvvf_bldc.dir/_deps/pico_sdk-src/lib/tinyusb/src/class/vendor/vendor_device.c.obj
                0x100036b0                tud_vendor_n_write_flush
 .text.vendord_init
                0x1000373c       0x60 CMakeFiles/rp2350_vvvf_bldc.dir/_deps/pico_sdk-src/lib/tinyusb/src/class/vendor/vendor_device.c.obj
                0x1000373c                vendord_init
 .text.vendord_deinit
                0x1000379c       0x34 CMakeFiles/rp2350_vvvf_bldc.dir/_deps/pico_sdk-src/lib/tinyusb/src/class/vendor/vendor_device.c.obj
                0x1000379c                vendord_deinit
 .text.vendord_reset
                0x100037d0       0x20 CMakeFiles/rp2350_vvvf_bldc.dir/_deps/pico_sdk-src/lib/tinyusb/src/class/vendor/vendor_device.c.obj
                0x100037d0                vendord_reset
 .text.vendord_open
                0x100037f0       0xcc CMakeFiles/rp2350_vvvf_bldc.dir/_deps/pico_sdk-src/lib/tinyusb/src/class/vendor/vendor_device.c.obj
                0x100037f0                vendord_open
 .text.vendord_xfer_cb
                0x100038bc       0xbc CMakeFiles/rp2350_vvvf_bldc.dir/_deps/pico_sdk-src/lib/tinyusb/src/class/vendor/vendor_device.c.obj
                0x100038bc                vendord_xfer_cb
 .text.tusb_init
                0x10003978       0x1c CMakeFiles/rp2350_vvvf_bldc.dir/_deps/pico_sdk-src/lib/tinyusb/src/tusb.c.obj
                0x10003978                tusb_init
 .text.tu_edpt_claim
                0x10003994       0x54 CMakeFiles/rp2350_vvvf_bldc.dir/_deps/pico_sdk-src/lib/tinyusb/src/tusb.c.obj
                0x10003994                tu_edpt_claim
 .text.tu_edpt_release
                0x100039e8       0x38 CMakeFiles/rp2350_vvvf_bldc.dir/_deps/pico_sdk-src/lib/tinyusb/src/tusb.c.obj
                0x100039e8                tu_edpt_release
 .text.tu_edpt_validate
                0x10003a20       0x64 CMakeFiles/rp2350_vvvf_bldc.dir/_deps/pico_sdk-src/lib/tinyusb/src/tusb.c.obj
                0x10003a20                tu_edpt_validate
 .text.tu_edpt_bind_driver
                0x10003a84       0x58 CMakeFiles/rp2350_vvvf_bldc.dir/_deps/pico_sdk-src/lib/tinyusb/src/tusb.c.obj
                0x10003a84                tu_edpt_bind_driver
 .text.tu_fifo_config
                0x10003adc       0x60 CMakeFiles/rp2350_vvvf_bldc.dir/_deps/pico_sdk-src/lib/tinyusb/src/common/tusb_fifo.c.obj
                0x10003adc                tu_fifo_config
 .text.tu_fifo_count
                0x10003b3c       0x20 CMakeFiles/rp2350_vvvf_bldc.dir/_deps/pico_sdk-src/lib/tinyusb/src/common/tusb_fifo.c.obj
                0x10003b3c                tu_fifo_count
 .text.tu_fifo_empty
                0x10003b5c       0x14 CMakeFiles/rp2350_vvvf_bldc.dir/_deps/pico_sdk-src/lib/tinyusb/src/common/tusb_fifo.c.obj
                0x10003b5c                tu_fifo_empty
 .text.tu_fifo_remaining
                0x10003b70       0x24 CMakeFiles/rp2350_vvvf_bldc.dir/_deps/pico_sdk-src/lib/tinyusb/src/common/tusb_fifo.c.obj
                0x10003b70                tu_fifo_remaining
 .text.tu_fifo_read
                0x10003b94       0x94 CMakeFiles/rp2350_vvvf_bldc.dir/_deps/pico_sdk-src/lib/tinyusb/src/common/tusb_fifo.c.obj
                0x10003b94                tu_fifo_read
 .text.tu_fifo_read_n
                0x10003c28       0xd8 CMakeFiles/rp2350_vvvf_bldc.dir/_deps/pico_sdk-src/lib/tinyusb/src/common/tusb_fifo.c.obj
                0x10003c28                tu_fifo_read_n
 .text.tu_fifo_write
                0x10003d00       0xa0 CMakeFiles/rp2350_vvvf_bldc.dir/_deps/pico_sdk-src/lib/tinyusb/src/common/tusb_fifo.c.obj
                0x10003d00                tu_fifo_write
 .text.tu_fifo_write_n
                0x10003da0      0x158 CMakeFiles/rp2350_vvvf_bldc.dir/_deps/pico_sdk-src/lib/tinyusb/src/common/tusb_fifo.c.obj
                0x10003da0                tu_fifo_write_n
 .text.tu_fifo_clear
                0x10003ef8       0x38 CMakeFiles/rp2350_vvvf_bldc.dir/_deps/pico_sdk-src/lib/tinyusb/src/common/tusb_fifo.c.obj
                0x10003ef8                tu_fifo_clear
 .text.tu_fifo_set_overwritable
                0x10003f30       0x3c CMakeFiles/rp2350_vvvf_bldc.dir/_deps/pico_sdk-src/lib/tinyusb/src/common/tusb_fifo.c.obj
                0x10003f30                tu_fifo_set_overwritable
 .text.adc_init
                0x10003f6c       0x30 CMakeFiles/rp2350_vvvf_bldc.dir/_deps/pico_sdk-src/src/rp2_common/hardware_adc/adc.c.obj
                0x10003f6c                adc_init
 .text          0x10003f9c       0xa4 /usr/lib/gcc/arm-none-eabi/13.2.1/../../../arm-none-eabi/lib/thumb/v8-m.main+fp/softfp/libg.a(libc_a-memset.o)
                0x10003f9c                memset
 .text          0x10004040       0xec /usr/lib/gcc/arm-none-eabi/13.2.1/../../../arm-none-eabi/lib/thumb/v8-m.main+fp/softfp/libg.a(libc_a-memcpy.o)
                0x10004040                memcpy
 .text          0x1000412c        0xc /usr/lib/gcc/arm-none-eabi/13.2.1/../../../arm-none-eabi/lib/thumb/v8-m.main+fp/softfp/libg.a(libc_a-atexit.o)
                0x1000412c                atexit
 .text          0x10004138       0x5c /usr/lib/gcc/arm-none-eabi/13.2.1/../../../arm-none-eabi/lib/thumb/v8-m.main+fp/softfp/libg.a(libc_a-strlen-stub.o)
                0x10004138                strlen
 .text          0x10004194       0x28 /usr/lib/gcc/arm-none-eabi/13.2.1/../../../arm-none-eabi/lib/thumb/v8-m.main+fp/softfp/libg.a(libc_a-fini.o)
                0x10004194                __libc_fini_array
 .text          0x100041bc       0x64 /usr/lib/gcc/arm-none-eabi/13.2.1/../../../arm-none-eabi/lib/thumb/v8-m.main+fp/softfp/libg.a(libc_a-__atexit.o)
                0x100041bc                __register_exitproc
 .text.startup  0x10004220       0x14 /usr/lib/gcc/arm-none-eabi/13.2.1/../../../arm-none-eabi/lib/thumb/v8-m.main+fp/softfp/libg.a(libc_a-__call_atexit.o)
 *(.fini)
 .fini          0x10004234        0x4 /usr/lib/gcc/arm-none-eabi/13.2.1/thumb/v8-m.main+fp/softfp/crti.o
                0x10004234                _fini
 .fini.__stub   0x10004238       0x48 linker stubs
 *crtbegin.o(.ctors)
 *crtbegin?.o(.ctors)
 *(EXCLUDE_FILE(*crtend.o *crtend?.o) .ctors)
 *(SORT_BY_NAME(.ctors.*))
 *(.ctors)
 *crtbegin.o(.dtors)
 *crtbegin?.o(.dtors)
 *(EXCLUDE_FILE(*crtend.o *crtend?.o) .dtors)
 *(SORT_BY_NAME(.dtors.*))
 *(.dtors)
                0x10004280                        . = ALIGN (0x4)
                0x10004280                        PROVIDE (__preinit_array_start = .)
 *(SORT_BY_NAME(.preinit_array.*))
 .preinit_array.00050
                0x10004280        0x4 CMakeFiles/rp2350_vvvf_bldc.dir/_deps/pico_sdk-src/src/rp2_common/pico_runtime_init/runtime_init.c.obj
                0x10004280                __pre_init_runtime_init_bootrom_reset
 .preinit_array.00100
                0x10004284        0x4 CMakeFiles/rp2350_vvvf_bldc.dir/_deps/pico_sdk-src/src/rp2_common/pico_runtime_init/runtime_init.c.obj
                0x10004284                __pre_init_runtime_init_early_resets
 .preinit_array.00101
                0x10004288        0x4 CMakeFiles/rp2350_vvvf_bldc.dir/_deps/pico_sdk-src/src/rp2_common/pico_runtime_init/runtime_init.c.obj
                0x10004288                __pre_init_runtime_init_usb_power_down
 .preinit_array.00500
                0x1000428c        0x4 CMakeFiles/rp2350_vvvf_bldc.dir/_deps/pico_sdk-src/src/rp2_common/pico_runtime_init/runtime_init.c.obj
                0x1000428c                __pre_init_runtime_init_clocks
 .preinit_array.00600
                0x10004290        0x4 CMakeFiles/rp2350_vvvf_bldc.dir/_deps/pico_sdk-src/src/rp2_common/pico_runtime_init/runtime_init.c.obj
                0x10004290                __pre_init_runtime_init_post_clock_resets
 .preinit_array.01000
                0x10004294        0x4 CMakeFiles/rp2350_vvvf_bldc.dir/_deps/pico_sdk-src/src/rp2_common/pico_runtime_init/runtime_init.c.obj
                0x10004294                __pre_init_runtime_init_spin_locks_reset
 .preinit_array.01000
                0x10004298        0x4 CMakeFiles/rp2350_vvvf_bldc.dir/_deps/pico_sdk-src/src/rp2_common/hardware_boot_lock/boot_lock.c.obj
                0x10004298                __pre_init_runtime_init_boot_locks_reset
 .preinit_array.01010
                0x1000429c        0x4 CMakeFiles/rp2350_vvvf_bldc.dir/_deps/pico_sdk-src/src/rp2_common/pico_bootrom/bootrom_lock.c.obj
                0x1000429c                __pre_init_runtime_init_bootrom_locking_enable
 .preinit_array.01100
                0x100042a0        0x4 CMakeFiles/rp2350_vvvf_bldc.dir/_deps/pico_sdk-src/src/common/pico_sync/mutex.c.obj
                0x100042a0                __pre_init_runtime_init_mutex
 .preinit_array.10080
                0x100042a4        0x4 CMakeFiles/rp2350_vvvf_bldc.dir/_deps/pico_sdk-src/src/rp2_common/pico_runtime_init/runtime_init.c.obj
                0x100042a4                __pre_init_runtime_init_install_ram_vector_table
 .preinit_array.11000
                0x100042a8        0x4 CMakeFiles/rp2350_vvvf_bldc.dir/_deps/pico_sdk-src/src/common/pico_time/time.c.obj
                0x100042a8                __pre_init_runtime_init_default_alarm_pool
 .preinit_array.YYYYY
                0x100042ac        0x4 CMakeFiles/rp2350_vvvf_bldc.dir/_deps/pico_sdk-src/src/rp2_common/pico_runtime/runtime.c.obj
                0x100042ac                __pre_init_first_per_core_initializer
 .preinit_array.ZZZZZ.00051
                0x100042b0        0x4 CMakeFiles/rp2350_vvvf_bldc.dir/_deps/pico_sdk-src/src/rp2_common/pico_runtime_init/runtime_init.c.obj
                0x100042b0                __pre_init_runtime_init_per_core_bootrom_reset
 .preinit_array.ZZZZZ.00200
                0x100042b4        0x4 CMakeFiles/rp2350_vvvf_bldc.dir/_deps/pico_sdk-src/src/rp2_common/pico_runtime_init/runtime_init.c.obj
                0x100042b4                __pre_init_runtime_init_per_core_enable_coprocessors
 .preinit_array.ZZZZZ.01000
                0x100042b8        0x4 CMakeFiles/rp2350_vvvf_bldc.dir/_deps/pico_sdk-src/src/rp2_common/hardware_sync_spin_lock/sync_spin_lock.c.obj
                0x100042b8                __pre_init_spinlock_set_extexclall
 .preinit_array.ZZZZZ.01200
                0x100042bc        0x4 CMakeFiles/rp2350_vvvf_bldc.dir/_deps/pico_sdk-src/src/rp2_common/hardware_irq/irq.c.obj
                0x100042bc                __pre_init_runtime_init_per_core_irq_priorities
 *(.preinit_array)
                0x100042c0                        PROVIDE (__preinit_array_end = .)
                0x100042c0                        . = ALIGN (0x4)
                0x100042c0                        PROVIDE (__init_array_start = .)
 *(SORT_BY_NAME(.init_array.*))
 .init_array.00000
                0x100042c0        0x4 /usr/lib/gcc/arm-none-eabi/13.2.1/../../../arm-none-eabi/lib/thumb/v8-m.main+fp/softfp/libg.a(libc_a-__call_atexit.o)
 *(.init_array)
 .init_array    0x100042c4        0x4 /usr/lib/gcc/arm-none-eabi/13.2.1/thumb/v8-m.main+fp/softfp/crtbegin.o
 .init_array    0x100042c8        0x4 CMakeFiles/rp2350_vvvf_bldc.dir/_deps/pico_sdk-src/src/rp2_common/pico_unique_id/unique_id.c.obj
                0x100042cc                        PROVIDE (__init_array_end = .)
                0x100042cc                        . = ALIGN (0x4)
                0x100042cc                        PROVIDE (__fini_array_start = .)
 *(SORT_BY_NAME(.fini_array.*))
 *(.fini_array)
                0x100042cc                        PROVIDE (__fini_array_end = .)
 *(.eh_frame*)
 .eh_frame      0x100042cc        0x0 /usr/lib/gcc/arm-none-eabi/13.2.1/thumb/v8-m.main+fp/softfp/crtbegin.o
                0x100042cc                        . = ALIGN (0x4)

.glue_7         0x100042cc        0x0
 .glue_7        0x100042cc        0x0 linker stubs

.glue_7t        0x100042cc        0x0
 .glue_7t       0x100042cc        0x0 linker stubs

.vfp11_veneer   0x100042cc        0x0
 .vfp11_veneer  0x100042cc        0x0 linker stubs

.v4_bx          0x100042cc        0x0
 .v4_bx         0x100042cc        0x0 linker stubs

.iplt           0x100042cc        0x0
 .iplt          0x100042cc        0x0 /usr/lib/gcc/arm-none-eabi/13.2.1/thumb/v8-m.main+fp/softfp/crtbegin.o

.boot2          0x100042cc        0x0
                0x100042cc                        __boot2_start__ = .
 *(.boot2)
                0x100042cc                        __boot2_end__ = .
                0x00000001                        ASSERT (((__boot2_end__ - __boot2_start__) <= 0x100), ERROR: Pico second stage bootloader must be no more than 256 bytes in size)

.rodata         0x100042cc      0x354
 *(EXCLUDE_FILE(*libm.a: *libc.a:*lib_a-mem*.o *libgcc.a:) .rodata*)
 .rodata.panic.str1.4
                0x100042cc      0x150 CMakeFiles/rp2350_vvvf_bldc.dir/_deps/pico_sdk-src/src/rp2_common/pico_platform_panic/panic.c.obj
                                 0x12 (size before relaxing)
 .rodata.spin_lock_claim_unused.str1.4
                0x1000441c       0x1b CMakeFiles/rp2350_vvvf_bldc.dir/_deps/pico_sdk-src/src/rp2_common/hardware_sync/sync.c.obj
 .rodata.user_irq_claim_unused.str1.4
                0x1000441c       0x1b CMakeFiles/rp2350_vvvf_bldc.dir/_deps/pico_sdk-src/src/rp2_common/hardware_irq/irq.c.obj
 .rodata.timer_hardware_alarm_claim.str1.4
                0x1000441c       0x22 CMakeFiles/rp2350_vvvf_bldc.dir/_deps/pico_sdk-src/src/rp2_common/hardware_timer/timer.c.obj
 .rodata.hard_assertion_failure.str1.4
                0x1000441c        0xc CMakeFiles/rp2350_vvvf_bldc.dir/_deps/pico_sdk-src/src/rp2_common/pico_runtime/runtime.c.obj
 .rodata.str1.4
                0x1000441c       0x38 CMakeFiles/rp2350_vvvf_bldc.dir/_deps/pico_sdk-src/src/rp2_common/pico_standard_binary_info/standard_binary_info.c.obj
 .rodata.__bi_84
                0x1000441c        0xc CMakeFiles/rp2350_vvvf_bldc.dir/_deps/pico_sdk-src/src/rp2_common/pico_standard_binary_info/standard_binary_info.c.obj
 .rodata.__bi_54
                0x10004428        0xc CMakeFiles/rp2350_vvvf_bldc.dir/_deps/pico_sdk-src/src/rp2_common/pico_standard_binary_info/standard_binary_info.c.obj
 .rodata.__bi_48
                0x10004434        0xc CMakeFiles/rp2350_vvvf_bldc.dir/_deps/pico_sdk-src/src/rp2_common/pico_standard_binary_info/standard_binary_info.c.obj
 .rodata.__bi_42
                0x10004440        0xc CMakeFiles/rp2350_vvvf_bldc.dir/_deps/pico_sdk-src/src/rp2_common/pico_standard_binary_info/standard_binary_info.c.obj
 .rodata.__bi_34
                0x1000444c        0xc CMakeFiles/rp2350_vvvf_bldc.dir/_deps/pico_sdk-src/src/rp2_common/pico_standard_binary_info/standard_binary_info.c.obj
 .rodata.__bi_26
                0x10004458        0xc CMakeFiles/rp2350_vvvf_bldc.dir/_deps/pico_sdk-src/src/rp2_common/pico_standard_binary_info/standard_binary_info.c.obj
 .rodata.crlf_str.0
                0x10004464        0x2 CMakeFiles/rp2350_vvvf_bldc.dir/_deps/pico_sdk-src/src/rp2_common/pico_stdio/stdio.c.obj
 *fill*         0x10004466        0x2 
 .rodata._resetd_driver
                0x10004468       0x20 CMakeFiles/rp2350_vvvf_bldc.dir/_deps/pico_sdk-src/src/rp2_common/pico_stdio_usb/reset_interface.c.obj
 .rodata.desc_ms_os_20
                0x10004488       0xa6 CMakeFiles/rp2350_vvvf_bldc.dir/_deps/pico_sdk-src/src/rp2_common/pico_stdio_usb/reset_interface.c.obj
 *fill*         0x1000452e        0x2 
 .rodata.desc_bos
                0x10004530       0x21 CMakeFiles/rp2350_vvvf_bldc.dir/_deps/pico_sdk-src/src/rp2_common/pico_stdio_usb/reset_interface.c.obj
                0x10004530                desc_bos
 .rodata.str1.4
                0x10004551       0x13 CMakeFiles/rp2350_vvvf_bldc.dir/_deps/pico_sdk-src/src/rp2_common/pico_stdio_usb/stdio_usb.c.obj
 *fill*         0x10004551        0x3 
 .rodata.__bi_197.0
                0x10004554        0xc CMakeFiles/rp2350_vvvf_bldc.dir/_deps/pico_sdk-src/src/rp2_common/pico_stdio_usb/stdio_usb.c.obj
 .rodata.str1.4
                0x10004560       0x2a CMakeFiles/rp2350_vvvf_bldc.dir/_deps/pico_sdk-src/src/rp2_common/pico_stdio_usb/stdio_usb_descriptors.c.obj
 .rodata.usbd_desc_str
                0x10004560       0x18 CMakeFiles/rp2350_vvvf_bldc.dir/_deps/pico_sdk-src/src/rp2_common/pico_stdio_usb/stdio_usb_descriptors.c.obj
 .rodata.usbd_desc_cfg
                0x10004578       0x54 CMakeFiles/rp2350_vvvf_bldc.dir/_deps/pico_sdk-src/src/rp2_common/pico_stdio_usb/stdio_usb_descriptors.c.obj
 .rodata.usbd_desc_device
                0x100045cc       0x12 CMakeFiles/rp2350_vvvf_bldc.dir/_deps/pico_sdk-src/src/rp2_common/pico_stdio_usb/stdio_usb_descriptors.c.obj
 .rodata.str1.4
                0x100045de       0x14 CMakeFiles/rp2350_vvvf_bldc.dir/_deps/pico_sdk-src/lib/tinyusb/src/portable/raspberrypi/rp2040/dcd_rp2040.c.obj
 .rodata.str1.4
                0x100045de       0x48 CMakeFiles/rp2350_vvvf_bldc.dir/_deps/pico_sdk-src/lib/tinyusb/src/portable/raspberrypi/rp2040/rp2040_usb.c.obj
 *fill*         0x100045de        0x2 
 .rodata._usbd_driver
                0x100045e0       0x40 CMakeFiles/rp2350_vvvf_bldc.dir/_deps/pico_sdk-src/lib/tinyusb/src/device/usbd.c.obj
 *(.srodata*)
                0x10004620                        . = ALIGN (0x4)
 *(SORT_BY_ALIGNMENT(SORT_BY_NAME(.flashdata*)))
                0x10004620                        . = ALIGN (0x4)

.ARM.extab
 *(.ARM.extab* .gnu.linkonce.armextab.*)
                0x10004620                        __exidx_start = .

.ARM.exidx      0x10004620        0x8
 *(.ARM.exidx* .gnu.linkonce.armexidx.*)
 .ARM.exidx     0x10004620        0x8 /usr/lib/gcc/arm-none-eabi/13.2.1/../../../arm-none-eabi/lib/thumb/v8-m.main+fp/softfp/libg.a(libc_a-memcpy.o)
                0x10004628                        __exidx_end = .
                0x10004628                        . = ALIGN (0x4)
                0x10004628                        __binary_info_start = .

.binary_info    0x10004628       0x1c
 *(.binary_info.keep.*)
 .binary_info.keep.__bi_ptr84
                0x10004628        0x4 CMakeFiles/rp2350_vvvf_bldc.dir/_deps/pico_sdk-src/src/rp2_common/pico_standard_binary_info/standard_binary_info.c.obj
 .binary_info.keep.__bi_ptr54
                0x1000462c        0x4 CMakeFiles/rp2350_vvvf_bldc.dir/_deps/pico_sdk-src/src/rp2_common/pico_standard_binary_info/standard_binary_info.c.obj
 .binary_info.keep.__bi_ptr48
                0x10004630        0x4 CMakeFiles/rp2350_vvvf_bldc.dir/_deps/pico_sdk-src/src/rp2_common/pico_standard_binary_info/standard_binary_info.c.obj
 .binary_info.keep.__bi_ptr42
                0x10004634        0x4 CMakeFiles/rp2350_vvvf_bldc.dir/_deps/pico_sdk-src/src/rp2_common/pico_standard_binary_info/standard_binary_info.c.obj
 .binary_info.keep.__bi_ptr34
                0x10004638        0x4 CMakeFiles/rp2350_vvvf_bldc.dir/_deps/pico_sdk-src/src/rp2_common/pico_standard_binary_info/standard_binary_info.c.obj
 .binary_info.keep.__bi_ptr26
                0x1000463c        0x4 CMakeFiles/rp2350_vvvf_bldc.dir/_deps/pico_sdk-src/src/rp2_common/pico_standard_binary_info/standard_binary_info.c.obj
 *(.binary_info.*)
 .binary_info.__bi_ptr197
                0x10004640        0x4 CMakeFiles/rp2350_vvvf_bldc.dir/_deps/pico_sdk-src/src/rp2_common/pico_stdio_usb/stdio_usb.c.obj
                0x10004644                        __binary_info_end = .
                0x10004644                        . = ALIGN (0x4)

.ram_vector_table
                0x20000000      0x110
 *(.ram_vector_table)
 .ram_vector_table
                0x20000000      0x110 CMakeFiles/rp2350_vvvf_bldc.dir/_deps/pico_sdk-src/src/rp2_common/pico_runtime_init/runtime_init.c.obj
                0x20000000                ram_vector_table

.uninitialized_data
                0x20000110        0x0
                0x20000110                        . = ALIGN (0x4)
 *(.uninitialized_data*)

.data           0x20000110      0xdcc load address 0x10004644
                0x20000110                        __data_start__ = .
 *(vtable)
 *(.time_critical*)
 .time_critical.mutex_try_enter
                0x20000110       0x50 CMakeFiles/rp2350_vvvf_bldc.dir/_deps/pico_sdk-src/src/common/pico_sync/mutex.c.obj
                0x20000110                mutex_try_enter
 .time_critical.mutex_enter_block_until
                0x20000160       0x70 CMakeFiles/rp2350_vvvf_bldc.dir/_deps/pico_sdk-src/src/common/pico_sync/mutex.c.obj
                0x20000160                mutex_enter_block_until
 .time_critical.mutex_try_enter_block_until
                0x200001d0       0x6c CMakeFiles/rp2350_vvvf_bldc.dir/_deps/pico_sdk-src/src/common/pico_sync/mutex.c.obj
                0x200001d0                mutex_try_enter_block_until
 .time_critical.mutex_enter_timeout_ms
                0x2000023c       0x38 CMakeFiles/rp2350_vvvf_bldc.dir/_deps/pico_sdk-src/src/common/pico_sync/mutex.c.obj
                0x2000023c                mutex_enter_timeout_ms
 .time_critical.mutex_exit
                0x20000274       0x3c CMakeFiles/rp2350_vvvf_bldc.dir/_deps/pico_sdk-src/src/common/pico_sync/mutex.c.obj
                0x20000274                mutex_exit
 .time_critical.reset_non_control_endpoints
                0x200002b0       0x64 CMakeFiles/rp2350_vvvf_bldc.dir/_deps/pico_sdk-src/lib/tinyusb/src/portable/raspberrypi/rp2040/dcd_rp2040.c.obj
 .time_critical.hw_handle_buff_status
                0x20000314       0x98 CMakeFiles/rp2350_vvvf_bldc.dir/_deps/pico_sdk-src/lib/tinyusb/src/portable/raspberrypi/rp2040/dcd_rp2040.c.obj
 .time_critical.dcd_rp2040_irq
                0x200003ac      0x540 CMakeFiles/rp2350_vvvf_bldc.dir/_deps/pico_sdk-src/lib/tinyusb/src/portable/raspberrypi/rp2040/dcd_rp2040.c.obj
 .time_critical.prepare_ep_buffer
                0x200008ec       0xd0 CMakeFiles/rp2350_vvvf_bldc.dir/_deps/pico_sdk-src/lib/tinyusb/src/portable/raspberrypi/rp2040/rp2040_usb.c.obj
 .time_critical.sync_ep_buffer
                0x200009bc       0xb8 CMakeFiles/rp2350_vvvf_bldc.dir/_deps/pico_sdk-src/lib/tinyusb/src/portable/raspberrypi/rp2040/rp2040_usb.c.obj
 .time_critical._hw_endpoint_xfer_sync
                0x20000a74       0x2c CMakeFiles/rp2350_vvvf_bldc.dir/_deps/pico_sdk-src/lib/tinyusb/src/portable/raspberrypi/rp2040/rp2040_usb.c.obj
 .time_critical.e15_is_bulkin_ep
                0x20000aa0       0x28 CMakeFiles/rp2350_vvvf_bldc.dir/_deps/pico_sdk-src/lib/tinyusb/src/portable/raspberrypi/rp2040/rp2040_usb.c.obj
 .time_critical.e15_is_critical_frame_period
                0x20000ac8       0x28 CMakeFiles/rp2350_vvvf_bldc.dir/_deps/pico_sdk-src/lib/tinyusb/src/portable/raspberrypi/rp2040/rp2040_usb.c.obj
 .time_critical.hw_endpoint_reset_transfer
                0x20000af0        0xc CMakeFiles/rp2350_vvvf_bldc.dir/_deps/pico_sdk-src/lib/tinyusb/src/portable/raspberrypi/rp2040/rp2040_usb.c.obj
                0x20000af0                hw_endpoint_reset_transfer
 .time_critical._hw_endpoint_buffer_control_update32
                0x20000afc       0x44 CMakeFiles/rp2350_vvvf_bldc.dir/_deps/pico_sdk-src/lib/tinyusb/src/portable/raspberrypi/rp2040/rp2040_usb.c.obj
                0x20000afc                _hw_endpoint_buffer_control_update32
 .time_critical.hw_endpoint_start_next_buffer
                0x20000b40       0x64 CMakeFiles/rp2350_vvvf_bldc.dir/_deps/pico_sdk-src/lib/tinyusb/src/portable/raspberrypi/rp2040/rp2040_usb.c.obj
                0x20000b40                hw_endpoint_start_next_buffer
 .time_critical.hw_endpoint_xfer_continue
                0x20000ba4       0x3c CMakeFiles/rp2350_vvvf_bldc.dir/_deps/pico_sdk-src/lib/tinyusb/src/portable/raspberrypi/rp2040/rp2040_usb.c.obj
                0x20000ba4                hw_endpoint_xfer_continue
 .time_critical.tinyusb
                0x20000be0      0x224 CMakeFiles/rp2350_vvvf_bldc.dir/_deps/pico_sdk-src/lib/tinyusb/src/device/usbd.c.obj
                0x20000be0                dcd_event_handler
 *fill*         0x20000e04        0x4 
 .time_critical.tinyusb.__stub
                0x20000e08       0x30 linker stubs
 *(.text*)
                0x20000e38                        . = ALIGN (0x4)
 *(.rodata*)
                0x20000e38                        . = ALIGN (0x4)
 *(.data*)
 .data.striped_spin_lock_num
                0x20000e38        0x1 CMakeFiles/rp2350_vvvf_bldc.dir/_deps/pico_sdk-src/src/rp2_common/hardware_sync/sync.c.obj
 *fill*         0x20000e39        0x3 
 .data          0x20000e3c       0x48 CMakeFiles/rp2350_vvvf_bldc.dir/_deps/pico_sdk-src/src/rp2_common/hardware_irq/irq_handler_chain.S.obj
                0x20000e3c                irq_handler_chain_slots
                0x20000e6c                irq_handler_chain_first_slot
                0x20000e76                irq_handler_chain_remove_tail
 .data.default_alarm_pool
                0x20000e84       0x18 CMakeFiles/rp2350_vvvf_bldc.dir/_deps/pico_sdk-src/src/common/pico_time/time.c.obj
 .data.stdio_usb
                0x20000e9c       0x18 CMakeFiles/rp2350_vvvf_bldc.dir/_deps/pico_sdk-src/src/rp2_common/pico_stdio_usb/stdio_usb.c.obj
                0x20000e9c                stdio_usb
 .data._usbd_qdef
                0x20000eb4       0x1c CMakeFiles/rp2350_vvvf_bldc.dir/_deps/pico_sdk-src/lib/tinyusb/src/device/usbd.c.obj
                0x20000eb4                _usbd_qdef
 .data._usbd_rhport
                0x20000ed0        0x1 CMakeFiles/rp2350_vvvf_bldc.dir/_deps/pico_sdk-src/lib/tinyusb/src/device/usbd.c.obj
 *(.sdata*)
                0x20000ed4                        . = ALIGN (0x4)
 *fill*         0x20000ed1        0x3 
 *(.after_data.*)
                0x20000ed4                        . = ALIGN (0x4)
                0x20000ed4                        PROVIDE (__mutex_array_start = .)
 *(SORT_BY_NAME(.mutex_array.*))
 *(.mutex_array)
 .mutex_array   0x20000ed4        0x8 CMakeFiles/rp2350_vvvf_bldc.dir/_deps/pico_sdk-src/src/rp2_common/pico_stdio/stdio.c.obj
                0x20000edc                        PROVIDE (__mutex_array_end = .)
 *(.jcr)
                0x20000edc                        . = ALIGN (0x4)

.tm_clone_table
                0x20000edc        0x0 load address 0x10005410
 .tm_clone_table
                0x20000edc        0x0 /usr/lib/gcc/arm-none-eabi/13.2.1/thumb/v8-m.main+fp/softfp/crtbegin.o
 .tm_clone_table
                0x20000edc        0x0 /usr/lib/gcc/arm-none-eabi/13.2.1/thumb/v8-m.main+fp/softfp/crtend.o

.igot.plt       0x20000edc        0x0 load address 0x10005410
 .igot.plt      0x20000edc        0x0 /usr/lib/gcc/arm-none-eabi/13.2.1/thumb/v8-m.main+fp/softfp/crtbegin.o

.tdata          0x20000edc        0x0 load address 0x10005410
                0x20000edc                        . = ALIGN (0x4)
 *(.tdata .tdata.* .gnu.linkonce.td.*)
                0x20000edc                        __tdata_end = .
                0x20000edc                        PROVIDE (__data_end__ = .)
                0x10004644                        __etext = LOADADDR (.data)

.tbss           0x20000edc        0x0 load address 0x10005410
                0x20000edc                        . = ALIGN (0x4)
                0x20000edc                        __bss_start__ = .
                0x20000edc                        __tls_base = .
 *(.tbss .tbss.* .gnu.linkonce.tb.*)
 *(.tcommon)
                0x20000edc                        __tls_end = .

.bss            0x20000ee0      0xf30 load address 0x10005410
                0x20000ee0                        . = ALIGN (0x4)
                0x20000ee0                        __tbss_end = .
 *(SORT_BY_ALIGNMENT(SORT_BY_NAME(.bss*)))
 .bss._cdcd_itf
                0x20000ee0      0x2c8 CMakeFiles/rp2350_vvvf_bldc.dir/_deps/pico_sdk-src/lib/tinyusb/src/class/cdc/cdc_device.c.obj
 .bss._vendord_itf
                0x200011a8      0x2bc CMakeFiles/rp2350_vvvf_bldc.dir/_deps/pico_sdk-src/lib/tinyusb/src/class/vendor/vendor_device.c.obj
 *fill*         0x20001464        0x4 
 .bss.default_alarm_pool_entries
                0x20001468      0x180 CMakeFiles/rp2350_vvvf_bldc.dir/_deps/pico_sdk-src/src/common/pico_time/time.c.obj
 .bss.last_avail_time.1
                0x200015e8        0x8 CMakeFiles/rp2350_vvvf_bldc.dir/_deps/pico_sdk-src/src/rp2_common/pico_stdio_usb/stdio_usb.c.obj
 .bss           0x200015f0       0x1c /usr/lib/gcc/arm-none-eabi/13.2.1/thumb/v8-m.main+fp/softfp/crtbegin.o
 .bss           0x2000160c      0x190 /usr/lib/gcc/arm-none-eabi/13.2.1/../../../arm-none-eabi/lib/thumb/v8-m.main+fp/softfp/libg.a(libc_a-__atexit.o)
                0x2000160c                __atexit0
 .bss           0x2000179c        0x4 /usr/lib/gcc/arm-none-eabi/13.2.1/../../../arm-none-eabi/lib/thumb/v8-m.main+fp/softfp/libg.a(libc_a-__call_atexit.o)
                0x2000179c                __atexit
 .bss._app_driver
                0x200017a0        0x4 CMakeFiles/rp2350_vvvf_bldc.dir/_deps/pico_sdk-src/lib/tinyusb/src/device/usbd.c.obj
 .bss._cdcd_fifo_cfg
                0x200017a4        0x1 CMakeFiles/rp2350_vvvf_bldc.dir/_deps/pico_sdk-src/lib/tinyusb/src/class/cdc/cdc_device.c.obj
 *fill*         0x200017a5        0x3 
 .bss._ctrl_xfer
                0x200017a8       0x14 CMakeFiles/rp2350_vvvf_bldc.dir/_deps/pico_sdk-src/lib/tinyusb/src/device/usbd_control.c.obj
 .bss._sw_spin_locks
                0x200017bc       0x20 CMakeFiles/rp2350_vvvf_bldc.dir/_deps/pico_sdk-src/src/rp2_common/hardware_sync_spin_lock/sync_spin_lock.c.obj
                0x200017bc                _sw_spin_locks
 .bss._ubsd_mutexdef
                0x200017dc        0x8 CMakeFiles/rp2350_vvvf_bldc.dir/_deps/pico_sdk-src/lib/tinyusb/src/device/usbd.c.obj
 .bss._usbd_ctrl_buf
                0x200017e4       0x40 CMakeFiles/rp2350_vvvf_bldc.dir/_deps/pico_sdk-src/lib/tinyusb/src/device/usbd_control.c.obj
 .bss._usbd_dev
                0x20001824       0x54 CMakeFiles/rp2350_vvvf_bldc.dir/_deps/pico_sdk-src/lib/tinyusb/src/device/usbd.c.obj
 .bss._usbd_mutex
                0x20001878        0x4 CMakeFiles/rp2350_vvvf_bldc.dir/_deps/pico_sdk-src/lib/tinyusb/src/device/usbd.c.obj
 .bss._usbd_q   0x2000187c        0x4 CMakeFiles/rp2350_vvvf_bldc.dir/_deps/pico_sdk-src/lib/tinyusb/src/device/usbd.c.obj
 .bss._usbd_qdef_buf
                0x20001880       0xc0 CMakeFiles/rp2350_vvvf_bldc.dir/_deps/pico_sdk-src/lib/tinyusb/src/device/usbd.c.obj
                0x20001880                _usbd_qdef_buf
 .bss.chars_available_callback
                0x20001940        0x4 CMakeFiles/rp2350_vvvf_bldc.dir/_deps/pico_sdk-src/src/rp2_common/pico_stdio_usb/stdio_usb.c.obj
 .bss.chars_available_param
                0x20001944        0x4 CMakeFiles/rp2350_vvvf_bldc.dir/_deps/pico_sdk-src/src/rp2_common/pico_stdio_usb/stdio_usb.c.obj
 .bss.claimed   0x20001948        0x4 CMakeFiles/rp2350_vvvf_bldc.dir/_deps/pico_sdk-src/src/rp2_common/hardware_sync/sync.c.obj
 .bss.claimed   0x2000194c        0x2 CMakeFiles/rp2350_vvvf_bldc.dir/_deps/pico_sdk-src/src/rp2_common/hardware_timer/timer.c.obj
 *fill*         0x2000194e        0x2 
 .bss.configured_freq
                0x20001950       0x28 CMakeFiles/rp2350_vvvf_bldc.dir/_deps/pico_sdk-src/src/rp2_common/hardware_clocks/clocks.c.obj
 .bss.desc_str.0
                0x20001978       0x28 CMakeFiles/rp2350_vvvf_bldc.dir/_deps/pico_sdk-src/src/rp2_common/pico_stdio_usb/stdio_usb_descriptors.c.obj
 .bss.drivers   0x200019a0        0x4 CMakeFiles/rp2350_vvvf_bldc.dir/_deps/pico_sdk-src/src/rp2_common/pico_stdio/stdio.c.obj
 .bss.e15_last_sof
                0x200019a4        0x4 CMakeFiles/rp2350_vvvf_bldc.dir/_deps/pico_sdk-src/lib/tinyusb/src/portable/raspberrypi/rp2040/rp2040_usb.c.obj
                0x200019a4                e15_last_sof
 .bss.filter    0x200019a8        0x4 CMakeFiles/rp2350_vvvf_bldc.dir/_deps/pico_sdk-src/src/rp2_common/pico_stdio/stdio.c.obj
 .bss.hw_endpoints
                0x200019ac      0x400 CMakeFiles/rp2350_vvvf_bldc.dir/_deps/pico_sdk-src/lib/tinyusb/src/portable/raspberrypi/rp2040/dcd_rp2040.c.obj
 .bss.lazy_vsnprintf
                0x20001dac        0x4 CMakeFiles/rp2350_vvvf_bldc.dir/_deps/pico_sdk-src/src/rp2_common/pico_printf/printf.c.obj
 .bss.load_value
                0x20001db0        0x4 CMakeFiles/rp2350_vvvf_bldc.dir/_deps/pico_sdk-src/src/rp2_common/hardware_watchdog/watchdog.c.obj
 .bss.next_buffer_ptr
                0x20001db4        0x4 CMakeFiles/rp2350_vvvf_bldc.dir/_deps/pico_sdk-src/lib/tinyusb/src/portable/raspberrypi/rp2040/dcd_rp2040.c.obj
 .bss.one_shot_timer_crit_sec
                0x20001db8        0x8 CMakeFiles/rp2350_vvvf_bldc.dir/_deps/pico_sdk-src/src/rp2_common/pico_stdio_usb/stdio_usb.c.obj
 .bss.pools     0x20001dc0       0x20 CMakeFiles/rp2350_vvvf_bldc.dir/_deps/pico_sdk-src/src/common/pico_time/time.c.obj
 .bss.retrieved_id
                0x20001de0        0x8 CMakeFiles/rp2350_vvvf_bldc.dir/_deps/pico_sdk-src/src/rp2_common/pico_unique_id/unique_id.c.obj
 .bss.sleep_notifier
                0x20001de8        0x4 CMakeFiles/rp2350_vvvf_bldc.dir/_deps/pico_sdk-src/src/common/pico_time/time.c.obj
 .bss.stdio_usb_mutex
                0x20001dec        0x8 CMakeFiles/rp2350_vvvf_bldc.dir/_deps/pico_sdk-src/src/rp2_common/pico_stdio_usb/stdio_usb.c.obj
 .bss.usbd_serial_str
                0x20001df4       0x11 CMakeFiles/rp2350_vvvf_bldc.dir/_deps/pico_sdk-src/src/rp2_common/pico_stdio_usb/stdio_usb_descriptors.c.obj
 .bss._app_driver_count
                0x20001e05        0x1 CMakeFiles/rp2350_vvvf_bldc.dir/_deps/pico_sdk-src/lib/tinyusb/src/device/usbd.c.obj
 .bss._sof_enable
                0x20001e06        0x1 CMakeFiles/rp2350_vvvf_bldc.dir/_deps/pico_sdk-src/lib/tinyusb/src/portable/raspberrypi/rp2040/dcd_rp2040.c.obj
 .bss._usbd_queued_setup
                0x20001e07        0x1 CMakeFiles/rp2350_vvvf_bldc.dir/_deps/pico_sdk-src/lib/tinyusb/src/device/usbd.c.obj
 .bss.irq_handler_chain_free_slot_head
                0x20001e08        0x1 CMakeFiles/rp2350_vvvf_bldc.dir/_deps/pico_sdk-src/src/rp2_common/hardware_irq/irq.c.obj
 .bss.itf_num   0x20001e09        0x1 CMakeFiles/rp2350_vvvf_bldc.dir/_deps/pico_sdk-src/src/rp2_common/pico_stdio_usb/reset_interface.c.obj
 .bss.low_priority_irq_num
                0x20001e0a        0x1 CMakeFiles/rp2350_vvvf_bldc.dir/_deps/pico_sdk-src/src/rp2_common/pico_stdio_usb/stdio_usb.c.obj
 .bss.one_shot_timer_pending
                0x20001e0b        0x1 CMakeFiles/rp2350_vvvf_bldc.dir/_deps/pico_sdk-src/src/rp2_common/pico_stdio_usb/stdio_usb.c.obj
 .bss.user_irq_claimed
                0x20001e0c        0x1 CMakeFiles/rp2350_vvvf_bldc.dir/_deps/pico_sdk-src/src/rp2_common/hardware_irq/irq.c.obj
 *(COMMON)
                [!provide]                        PROVIDE (__global_pointer$ = (. + 0x800))
 *(.sbss*)
                0x20001e10                        . = ALIGN (0x4)
 *fill*         0x20001e0d        0x3 
                0x20001e10                        __bss_end__ = .

.heap           0x20001e10    0x7e1f0 load address 0x10005410
                0x20001e10                        __end__ = .
                0x20001e10                        end = __end__
 *(.heap*)
 .heap          0x20001e10      0x800 CMakeFiles/rp2350_vvvf_bldc.dir/_deps/pico_sdk-src/src/rp2_common/pico_crt0/crt0.S.obj
                0x20080000                        . = (ORIGIN (RAM) + LENGTH (RAM))
 *fill*         0x20002610    0x7d9f0 
                0x20080000                        __HeapLimit = .

.scratch_x      0x20080000        0x0 load address 0x10005410
                0x20080000                        __scratch_x_start__ = .
 *(.scratch_x.*)
                0x20080000                        . = ALIGN (0x4)
                0x20080000                        __scratch_x_end__ = .
                0x10005410                        __scratch_x_source__ = LOADADDR (.scratch_x)

.scratch_y      0x20081000        0x0 load address 0x10005410
                0x20081000                        __scratch_y_start__ = .
 *(.scratch_y.*)
                0x20081000                        . = ALIGN (0x4)
                0x20081000                        __scratch_y_end__ = .
                0x10005410                        __scratch_y_source__ = LOADADDR (.scratch_y)

.stack1_dummy
 *(.stack1*)

.stack_dummy    0x20081000      0x800
 *(.stack*)
 .stack         0x20081000      0x800 CMakeFiles/rp2350_vvvf_bldc.dir/_deps/pico_sdk-src/src/rp2_common/pico_crt0/crt0.S.obj

.flash_end      0x10005410       0x14
 *(.embedded_end_block*)
 .embedded_end_block
                0x10005410       0x14 CMakeFiles/rp2350_vvvf_bldc.dir/_deps/pico_sdk-src/src/rp2_common/pico_crt0/crt0.S.obj
                0x10005424                        PROVIDE (__flash_binary_end = .)
                0x20080000                        __StackLimit = (ORIGIN (RAM) + LENGTH (RAM))
                0x20081000                        __StackOneTop = (ORIGIN (SCRATCH_X) + LENGTH (SCRATCH_X))
                0x20082000                        __StackTop = (ORIGIN (SCRATCH_Y) + LENGTH (SCRATCH_Y))
                0x20081000                        __StackOneBottom = (__StackOneTop - SIZEOF (.stack1_dummy))
                0x20081800                        __StackBottom = (__StackTop - SIZEOF (.stack_dummy))
                0x20082000                        PROVIDE (__stack = __StackTop)
                [!provide]                        PROVIDE (__heap_start = __end__)
                [!provide]                        PROVIDE (__heap_end = __HeapLimit)
                [!provide]                        PROVIDE (__tls_align = MAX (ALIGNOF (.tdata), ALIGNOF (.tbss)))
                [!provide]                        PROVIDE (__tls_size_align = (((__tls_size + __tls_align) - 0x1) & ~ ((__tls_align - 0x1))))
                [!provide]                        PROVIDE (__arm32_tls_tcb_offset = MAX (0x8, __tls_align))
                [!provide]                        PROVIDE (_end = __end__)
                [!provide]                        PROVIDE (__llvm_libc_heap_limit = __HeapLimit)
                0x00000001                        ASSERT ((__StackLimit >= __HeapLimit), region RAM overflowed)
                0x00000001                        ASSERT (((__binary_info_header_end - __logical_binary_start) <= 0x400), Binary info must be in first 1024 bytes of the binary)
                0x00000001                        ASSERT (((__embedded_block_end - __logical_binary_start) <= 0x1000), Embedded block must be in first 4096 bytes of the binary)
LOAD CMakeFiles/rp2350_vvvf_bldc.dir/src/main.c.obj
LOAD CMakeFiles/rp2350_vvvf_bldc.dir/_deps/pico_sdk-src/src/rp2_common/pico_stdlib/stdlib.c.obj
LOAD CMakeFiles/rp2350_vvvf_bldc.dir/_deps/pico_sdk-src/src/rp2_common/hardware_gpio/gpio.c.obj
LOAD CMakeFiles/rp2350_vvvf_bldc.dir/_deps/pico_sdk-src/src/rp2350/pico_platform/platform.c.obj
LOAD CMakeFiles/rp2350_vvvf_bldc.dir/_deps/pico_sdk-src/src/rp2_common/pico_platform_panic/panic.c.obj
LOAD CMakeFiles/rp2350_vvvf_bldc.dir/_deps/pico_sdk-src/src/common/hardware_claim/claim.c.obj
LOAD CMakeFiles/rp2350_vvvf_bldc.dir/_deps/pico_sdk-src/src/rp2_common/hardware_sync/sync.c.obj
LOAD CMakeFiles/rp2350_vvvf_bldc.dir/_deps/pico_sdk-src/src/rp2_common/hardware_sync_spin_lock/sync_spin_lock.c.obj
LOAD CMakeFiles/rp2350_vvvf_bldc.dir/_deps/pico_sdk-src/src/rp2_common/hardware_irq/irq.c.obj
LOAD CMakeFiles/rp2350_vvvf_bldc.dir/_deps/pico_sdk-src/src/rp2_common/hardware_irq/irq_handler_chain.S.obj
LOAD CMakeFiles/rp2350_vvvf_bldc.dir/_deps/pico_sdk-src/src/common/pico_sync/sem.c.obj
LOAD CMakeFiles/rp2350_vvvf_bldc.dir/_deps/pico_sdk-src/src/common/pico_sync/lock_core.c.obj
LOAD CMakeFiles/rp2350_vvvf_bldc.dir/_deps/pico_sdk-src/src/common/pico_sync/mutex.c.obj
LOAD CMakeFiles/rp2350_vvvf_bldc.dir/_deps/pico_sdk-src/src/common/pico_sync/critical_section.c.obj
LOAD CMakeFiles/rp2350_vvvf_bldc.dir/_deps/pico_sdk-src/src/common/pico_time/time.c.obj
LOAD CMakeFiles/rp2350_vvvf_bldc.dir/_deps/pico_sdk-src/src/common/pico_time/timeout_helper.c.obj
LOAD CMakeFiles/rp2350_vvvf_bldc.dir/_deps/pico_sdk-src/src/rp2_common/hardware_timer/timer.c.obj
LOAD CMakeFiles/rp2350_vvvf_bldc.dir/_deps/pico_sdk-src/src/common/pico_util/datetime.c.obj
LOAD CMakeFiles/rp2350_vvvf_bldc.dir/_deps/pico_sdk-src/src/common/pico_util/pheap.c.obj
LOAD CMakeFiles/rp2350_vvvf_bldc.dir/_deps/pico_sdk-src/src/common/pico_util/queue.c.obj
LOAD CMakeFiles/rp2350_vvvf_bldc.dir/_deps/pico_sdk-src/src/rp2_common/hardware_uart/uart.c.obj
LOAD CMakeFiles/rp2350_vvvf_bldc.dir/_deps/pico_sdk-src/src/rp2_common/hardware_clocks/clocks.c.obj
LOAD CMakeFiles/rp2350_vvvf_bldc.dir/_deps/pico_sdk-src/src/rp2_common/hardware_pll/pll.c.obj
LOAD CMakeFiles/rp2350_vvvf_bldc.dir/_deps/pico_sdk-src/src/rp2_common/hardware_vreg/vreg.c.obj
LOAD CMakeFiles/rp2350_vvvf_bldc.dir/_deps/pico_sdk-src/src/rp2_common/hardware_watchdog/watchdog.c.obj
LOAD CMakeFiles/rp2350_vvvf_bldc.dir/_deps/pico_sdk-src/src/rp2_common/hardware_ticks/ticks.c.obj
LOAD CMakeFiles/rp2350_vvvf_bldc.dir/_deps/pico_sdk-src/src/rp2_common/hardware_xosc/xosc.c.obj
LOAD CMakeFiles/rp2350_vvvf_bldc.dir/_deps/pico_sdk-src/src/rp2_common/hardware_divider/divider.c.obj
LOAD CMakeFiles/rp2350_vvvf_bldc.dir/_deps/pico_sdk-src/src/rp2_common/pico_runtime/runtime.c.obj
LOAD CMakeFiles/rp2350_vvvf_bldc.dir/_deps/pico_sdk-src/src/rp2_common/pico_runtime_init/runtime_init.c.obj
LOAD CMakeFiles/rp2350_vvvf_bldc.dir/_deps/pico_sdk-src/src/rp2_common/pico_runtime_init/runtime_init_clocks.c.obj
LOAD CMakeFiles/rp2350_vvvf_bldc.dir/_deps/pico_sdk-src/src/rp2_common/pico_runtime_init/runtime_init_stack_guard.c.obj
LOAD CMakeFiles/rp2350_vvvf_bldc.dir/_deps/pico_sdk-src/src/rp2_common/pico_bit_ops/bit_ops_aeabi.S.obj
LOAD CMakeFiles/rp2350_vvvf_bldc.dir/_deps/pico_sdk-src/src/rp2_common/pico_bootrom/bootrom.c.obj
LOAD CMakeFiles/rp2350_vvvf_bldc.dir/_deps/pico_sdk-src/src/rp2_common/pico_bootrom/bootrom_lock.c.obj
LOAD CMakeFiles/rp2350_vvvf_bldc.dir/_deps/pico_sdk-src/src/rp2_common/hardware_boot_lock/boot_lock.c.obj
LOAD CMakeFiles/rp2350_vvvf_bldc.dir/_deps/pico_sdk-src/src/rp2_common/pico_divider/divider_compiler.c.obj
LOAD CMakeFiles/rp2350_vvvf_bldc.dir/_deps/pico_sdk-src/src/rp2_common/pico_double/double_math.c.obj
LOAD CMakeFiles/rp2350_vvvf_bldc.dir/_deps/pico_sdk-src/src/rp2_common/pico_double/double_aeabi_dcp.S.obj
LOAD CMakeFiles/rp2350_vvvf_bldc.dir/_deps/pico_sdk-src/src/rp2_common/pico_double/double_fma_dcp.S.obj
LOAD CMakeFiles/rp2350_vvvf_bldc.dir/_deps/pico_sdk-src/src/rp2_common/pico_double/double_sci_m33.S.obj
LOAD CMakeFiles/rp2350_vvvf_bldc.dir/_deps/pico_sdk-src/src/rp2_common/pico_double/double_conv_m33.S.obj
LOAD CMakeFiles/rp2350_vvvf_bldc.dir/_deps/pico_sdk-src/src/rp2_common/pico_float/float_math.c.obj
LOAD CMakeFiles/rp2350_vvvf_bldc.dir/_deps/pico_sdk-src/src/rp2_common/pico_float/float_sci_m33_vfp.S.obj
LOAD CMakeFiles/rp2350_vvvf_bldc.dir/_deps/pico_sdk-src/src/rp2_common/pico_float/float_conv_m33.S.obj
LOAD CMakeFiles/rp2350_vvvf_bldc.dir/_deps/pico_sdk-src/src/rp2_common/pico_malloc/malloc.c.obj
LOAD CMakeFiles/rp2350_vvvf_bldc.dir/_deps/pico_sdk-src/src/rp2_common/pico_atomic/atomic.c.obj
LOAD CMakeFiles/rp2350_vvvf_bldc.dir/_deps/pico_sdk-src/src/rp2_common/pico_cxx_options/new_delete.cpp.obj
LOAD CMakeFiles/rp2350_vvvf_bldc.dir/_deps/pico_sdk-src/src/rp2_common/pico_standard_binary_info/standard_binary_info.c.obj
LOAD CMakeFiles/rp2350_vvvf_bldc.dir/_deps/pico_sdk-src/src/rp2_common/pico_printf/printf.c.obj
LOAD CMakeFiles/rp2350_vvvf_bldc.dir/_deps/pico_sdk-src/src/rp2_common/pico_crt0/crt0.S.obj
LOAD CMakeFiles/rp2350_vvvf_bldc.dir/_deps/pico_sdk-src/src/rp2_common/pico_clib_interface/newlib_interface.c.obj
LOAD CMakeFiles/rp2350_vvvf_bldc.dir/_deps/pico_sdk-src/src/rp2_common/pico_stdio/stdio.c.obj
LOAD CMakeFiles/rp2350_vvvf_bldc.dir/_deps/pico_sdk-src/src/rp2_common/pico_stdio_usb/reset_interface.c.obj
LOAD CMakeFiles/rp2350_vvvf_bldc.dir/_deps/pico_sdk-src/src/rp2_common/pico_stdio_usb/stdio_usb.c.obj
LOAD CMakeFiles/rp2350_vvvf_bldc.dir/_deps/pico_sdk-src/src/rp2_common/pico_stdio_usb/stdio_usb_descriptors.c.obj
LOAD CMakeFiles/rp2350_vvvf_bldc.dir/_deps/pico_sdk-src/src/rp2_common/pico_unique_id/unique_id.c.obj
LOAD CMakeFiles/rp2350_vvvf_bldc.dir/_deps/pico_sdk-src/src/rp2_common/hardware_flash/flash.c.obj
LOAD CMakeFiles/rp2350_vvvf_bldc.dir/_deps/pico_sdk-src/lib/tinyusb/src/portable/raspberrypi/rp2040/dcd_rp2040.c.obj
LOAD CMakeFiles/rp2350_vvvf_bldc.dir/_deps/pico_sdk-src/lib/tinyusb/src/portable/raspberrypi/rp2040/rp2040_usb.c.obj
LOAD CMakeFiles/rp2350_vvvf_bldc.dir/_deps/pico_sdk-src/lib/tinyusb/src/device/usbd.c.obj
LOAD CMakeFiles/rp2350_vvvf_bldc.dir/_deps/pico_sdk-src/lib/tinyusb/src/device/usbd_control.c.obj
LOAD CMakeFiles/rp2350_vvvf_bldc.dir/_deps/pico_sdk-src/lib/tinyusb/src/class/audio/audio_device.c.obj
LOAD CMakeFiles/rp2350_vvvf_bldc.dir/_deps/pico_sdk-src/lib/tinyusb/src/class/cdc/cdc_device.c.obj
LOAD CMakeFiles/rp2350_vvvf_bldc.dir/_deps/pico_sdk-src/lib/tinyusb/src/class/dfu/dfu_device.c.obj
LOAD CMakeFiles/rp2350_vvvf_bldc.dir/_deps/pico_sdk-src/lib/tinyusb/src/class/dfu/dfu_rt_device.c.obj
LOAD CMakeFiles/rp2350_vvvf_bldc.dir/_deps/pico_sdk-src/lib/tinyusb/src/class/hid/hid_device.c.obj
LOAD CMakeFiles/rp2350_vvvf_bldc.dir/_deps/pico_sdk-src/lib/tinyusb/src/class/midi/midi_device.c.obj
LOAD CMakeFiles/rp2350_vvvf_bldc.dir/_deps/pico_sdk-src/lib/tinyusb/src/class/msc/msc_device.c.obj
LOAD CMakeFiles/rp2350_vvvf_bldc.dir/_deps/pico_sdk-src/lib/tinyusb/src/class/net/ecm_rndis_device.c.obj
LOAD CMakeFiles/rp2350_vvvf_bldc.dir/_deps/pico_sdk-src/lib/tinyusb/src/class/net/ncm_device.c.obj
LOAD CMakeFiles/rp2350_vvvf_bldc.dir/_deps/pico_sdk-src/lib/tinyusb/src/class/usbtmc/usbtmc_device.c.obj
LOAD CMakeFiles/rp2350_vvvf_bldc.dir/_deps/pico_sdk-src/lib/tinyusb/src/class/vendor/vendor_device.c.obj
LOAD CMakeFiles/rp2350_vvvf_bldc.dir/_deps/pico_sdk-src/lib/tinyusb/src/class/video/video_device.c.obj
LOAD CMakeFiles/rp2350_vvvf_bldc.dir/_deps/pico_sdk-src/lib/tinyusb/src/tusb.c.obj
LOAD CMakeFiles/rp2350_vvvf_bldc.dir/_deps/pico_sdk-src/lib/tinyusb/src/common/tusb_fifo.c.obj
LOAD CMakeFiles/rp2350_vvvf_bldc.dir/_deps/pico_sdk-src/src/rp2_common/pico_fix/rp2040_usb_device_enumeration/rp2040_usb_device_enumeration.c.obj
LOAD CMakeFiles/rp2350_vvvf_bldc.dir/_deps/pico_sdk-src/src/rp2_common/hardware_adc/adc.c.obj
LOAD /tmp/cc95EGHi.o
LOAD /usr/lib/gcc/arm-none-eabi/13.2.1/../../../arm-none-eabi/lib/thumb/v8-m.main+fp/softfp/libstdc++.a
LOAD /usr/lib/gcc/arm-none-eabi/13.2.1/../../../arm-none-eabi/lib/thumb/v8-m.main+fp/softfp/libm.a
START GROUP
LOAD /usr/lib/gcc/arm-none-eabi/13.2.1/thumb/v8-m.main+fp/softfp/libgcc.a
LOAD /usr/lib/gcc/arm-none-eabi/13.2.1/../../../arm-none-eabi/lib/thumb/v8-m.main+fp/softfp/libg.a
LOAD /usr/lib/gcc/arm-none-eabi/13.2.1/../../../arm-none-eabi/lib/thumb/v8-m.main+fp/softfp/libc.a
END GROUP
START GROUP
LOAD /usr/lib/gcc/arm-none-eabi/13.2.1/thumb/v8-m.main+fp/softfp/libgcc.a
LOAD /usr/lib/gcc/arm-none-eabi/13.2.1/../../../arm-none-eabi/lib/thumb/v8-m.main+fp/softfp/libc.a
LOAD /usr/lib/gcc/arm-none-eabi/13.2.1/../../../arm-none-eabi/lib/thumb/v8-m.main+fp/softfp/libnosys.a
END GROUP
LOAD /usr/lib/gcc/arm-none-eabi/13.2.1/thumb/v8-m.main+fp/softfp/crtend.o
LOAD /usr/lib/gcc/arm-none-eabi/13.2.1/thumb/v8-m.main+fp/softfp/crtn.o
OUTPUT(rp2350_vvvf_bldc.elf elf32-littlearm)
LOAD linker stubs

.rel.dyn        0x10005424        0x0
 .rel.iplt      0x10005424        0x0 /usr/lib/gcc/arm-none-eabi/13.2.1/thumb/v8-m.main+fp/softfp/crtbegin.o

.ARM.attributes
                0x00000000       0x34
 .ARM.attributes
                0x00000000       0x26 /usr/lib/gcc/arm-none-eabi/13.2.1/thumb/v8-m.main+fp/softfp/crti.o
 .ARM.attributes
                0x00000026       0x36 /usr/lib/gcc/arm-none-eabi/13.2.1/thumb/v8-m.main+fp/softfp/crtbegin.o
 .ARM.attributes
                0x0000005c       0x38 CMakeFiles/rp2350_vvvf_bldc.dir/src/main.c.obj
 .ARM.attributes
                0x00000094       0x38 CMakeFiles/rp2350_vvvf_bldc.dir/_deps/pico_sdk-src/src/rp2_common/hardware_gpio/gpio.c.obj
 .ARM.attributes
                0x000000cc       0x38 CMakeFiles/rp2350_vvvf_bldc.dir/_deps/pico_sdk-src/src/rp2_common/pico_platform_panic/panic.c.obj
 .ARM.attributes
                0x00000104       0x38 CMakeFiles/rp2350_vvvf_bldc.dir/_deps/pico_sdk-src/src/common/hardware_claim/claim.c.obj
 .ARM.attributes
                0x0000013c       0x38 CMakeFiles/rp2350_vvvf_bldc.dir/_deps/pico_sdk-src/src/rp2_common/hardware_sync/sync.c.obj
 .ARM.attributes
                0x00000174       0x38 CMakeFiles/rp2350_vvvf_bldc.dir/_deps/pico_sdk-src/src/rp2_common/hardware_sync_spin_lock/sync_spin_lock.c.obj
 .ARM.attributes
                0x000001ac       0x38 CMakeFiles/rp2350_vvvf_bldc.dir/_deps/pico_sdk-src/src/rp2_common/hardware_irq/irq.c.obj
 .ARM.attributes
                0x000001e4       0x28 CMakeFiles/rp2350_vvvf_bldc.dir/_deps/pico_sdk-src/src/rp2_common/hardware_irq/irq_handler_chain.S.obj
 .ARM.attributes
                0x0000020c       0x38 CMakeFiles/rp2350_vvvf_bldc.dir/_deps/pico_sdk-src/src/common/pico_sync/lock_core.c.obj
 .ARM.attributes
                0x00000244       0x38 CMakeFiles/rp2350_vvvf_bldc.dir/_deps/pico_sdk-src/src/common/pico_sync/mutex.c.obj
 .ARM.attributes
                0x0000027c       0x38 CMakeFiles/rp2350_vvvf_bldc.dir/_deps/pico_sdk-src/src/common/pico_sync/critical_section.c.obj
 .ARM.attributes
                0x000002b4       0x38 CMakeFiles/rp2350_vvvf_bldc.dir/_deps/pico_sdk-src/src/common/pico_time/time.c.obj
 .ARM.attributes
                0x000002ec       0x38 CMakeFiles/rp2350_vvvf_bldc.dir/_deps/pico_sdk-src/src/rp2_common/hardware_timer/timer.c.obj
 .ARM.attributes
                0x00000324       0x38 CMakeFiles/rp2350_vvvf_bldc.dir/_deps/pico_sdk-src/src/rp2_common/hardware_clocks/clocks.c.obj
 .ARM.attributes
                0x0000035c       0x38 CMakeFiles/rp2350_vvvf_bldc.dir/_deps/pico_sdk-src/src/rp2_common/hardware_pll/pll.c.obj
 .ARM.attributes
                0x00000394       0x38 CMakeFiles/rp2350_vvvf_bldc.dir/_deps/pico_sdk-src/src/rp2_common/hardware_watchdog/watchdog.c.obj
 .ARM.attributes
                0x000003cc       0x38 CMakeFiles/rp2350_vvvf_bldc.dir/_deps/pico_sdk-src/src/rp2_common/hardware_ticks/ticks.c.obj
 .ARM.attributes
                0x00000404       0x38 CMakeFiles/rp2350_vvvf_bldc.dir/_deps/pico_sdk-src/src/rp2_common/hardware_xosc/xosc.c.obj
 .ARM.attributes
                0x0000043c       0x38 CMakeFiles/rp2350_vvvf_bldc.dir/_deps/pico_sdk-src/src/rp2_common/pico_runtime/runtime.c.obj
 .ARM.attributes
                0x00000474       0x38 CMakeFiles/rp2350_vvvf_bldc.dir/_deps/pico_sdk-src/src/rp2_common/pico_runtime_init/runtime_init.c.obj
 .ARM.attributes
                0x000004ac       0x38 CMakeFiles/rp2350_vvvf_bldc.dir/_deps/pico_sdk-src/src/rp2_common/pico_runtime_init/runtime_init_clocks.c.obj
 .ARM.attributes
                0x000004e4       0x38 CMakeFiles/rp2350_vvvf_bldc.dir/_deps/pico_sdk-src/src/rp2_common/pico_bootrom/bootrom.c.obj
 .ARM.attributes
                0x0000051c       0x38 CMakeFiles/rp2350_vvvf_bldc.dir/_deps/pico_sdk-src/src/rp2_common/pico_bootrom/bootrom_lock.c.obj
 .ARM.attributes
                0x00000554       0x38 CMakeFiles/rp2350_vvvf_bldc.dir/_deps/pico_sdk-src/src/rp2_common/hardware_boot_lock/boot_lock.c.obj
 .ARM.attributes
                0x0000058c       0x38 CMakeFiles/rp2350_vvvf_bldc.dir/_deps/pico_sdk-src/src/rp2_common/pico_standard_binary_info/standard_binary_info.c.obj
 .ARM.attributes
                0x000005c4       0x38 CMakeFiles/rp2350_vvvf_bldc.dir/_deps/pico_sdk-src/src/rp2_common/pico_printf/printf.c.obj
 .ARM.attributes
                0x000005fc       0x28 CMakeFiles/rp2350_vvvf_bldc.dir/_deps/pico_sdk-src/src/rp2_common/pico_crt0/crt0.S.obj
 .ARM.attributes
                0x00000624       0x38 CMakeFiles/rp2350_vvvf_bldc.dir/_deps/pico_sdk-src/src/rp2_common/pico_clib_interface/newlib_interface.c.obj
 .ARM.attributes
                0x0000065c       0x38 CMakeFiles/rp2350_vvvf_bldc.dir/_deps/pico_sdk-src/src/rp2_common/pico_stdio/stdio.c.obj
 .ARM.attributes
                0x00000694       0x38 CMakeFiles/rp2350_vvvf_bldc.dir/_deps/pico_sdk-src/src/rp2_common/pico_stdio_usb/reset_interface.c.obj
 .ARM.attributes
                0x000006cc       0x38 CMakeFiles/rp2350_vvvf_bldc.dir/_deps/pico_sdk-src/src/rp2_common/pico_stdio_usb/stdio_usb.c.obj
 .ARM.attributes
                0x00000704       0x38 CMakeFiles/rp2350_vvvf_bldc.dir/_deps/pico_sdk-src/src/rp2_common/pico_stdio_usb/stdio_usb_descriptors.c.obj
 .ARM.attributes
                0x0000073c       0x38 CMakeFiles/rp2350_vvvf_bldc.dir/_deps/pico_sdk-src/src/rp2_common/pico_unique_id/unique_id.c.obj
 .ARM.attributes
                0x00000774       0x38 CMakeFiles/rp2350_vvvf_bldc.dir/_deps/pico_sdk-src/lib/tinyusb/src/portable/raspberrypi/rp2040/dcd_rp2040.c.obj
 .ARM.attributes
                0x000007ac       0x38 CMakeFiles/rp2350_vvvf_bldc.dir/_deps/pico_sdk-src/lib/tinyusb/src/portable/raspberrypi/rp2040/rp2040_usb.c.obj
 .ARM.attributes
                0x000007e4       0x38 CMakeFiles/rp2350_vvvf_bldc.dir/_deps/pico_sdk-src/lib/tinyusb/src/device/usbd.c.obj
 .ARM.attributes
                0x0000081c       0x38 CMakeFiles/rp2350_vvvf_bldc.dir/_deps/pico_sdk-src/lib/tinyusb/src/device/usbd_control.c.obj
 .ARM.attributes
                0x00000854       0x38 CMakeFiles/rp2350_vvvf_bldc.dir/_deps/pico_sdk-src/lib/tinyusb/src/class/cdc/cdc_device.c.obj
 .ARM.attributes
                0x0000088c       0x38 CMakeFiles/rp2350_vvvf_bldc.dir/_deps/pico_sdk-src/lib/tinyusb/src/class/vendor/vendor_device.c.obj
 .ARM.attributes
                0x000008c4       0x38 CMakeFiles/rp2350_vvvf_bldc.dir/_deps/pico_sdk-src/lib/tinyusb/src/tusb.c.obj
 .ARM.attributes
                0x000008fc       0x38 CMakeFiles/rp2350_vvvf_bldc.dir/_deps/pico_sdk-src/lib/tinyusb/src/common/tusb_fifo.c.obj
 .ARM.attributes
                0x00000934       0x38 CMakeFiles/rp2350_vvvf_bldc.dir/_deps/pico_sdk-src/src/rp2_common/hardware_adc/adc.c.obj
 .ARM.attributes
                0x0000096c       0x36 /usr/lib/gcc/arm-none-eabi/13.2.1/../../../arm-none-eabi/lib/thumb/v8-m.main+fp/softfp/libg.a(libc_a-memset.o)
 .ARM.attributes
                0x000009a2       0x24 /usr/lib/gcc/arm-none-eabi/13.2.1/../../../arm-none-eabi/lib/thumb/v8-m.main+fp/softfp/libg.a(libc_a-memcpy.o)
 .ARM.attributes
                0x000009c6       0x36 /usr/lib/gcc/arm-none-eabi/13.2.1/../../../arm-none-eabi/lib/thumb/v8-m.main+fp/softfp/libg.a(libc_a-atexit.o)
 .ARM.attributes
                0x000009fc       0x36 /usr/lib/gcc/arm-none-eabi/13.2.1/../../../arm-none-eabi/lib/thumb/v8-m.main+fp/softfp/libg.a(libc_a-strlen-stub.o)
 .ARM.attributes
                0x00000a32       0x36 /usr/lib/gcc/arm-none-eabi/13.2.1/../../../arm-none-eabi/lib/thumb/v8-m.main+fp/softfp/libg.a(libc_a-fini.o)
 .ARM.attributes
                0x00000a68       0x36 /usr/lib/gcc/arm-none-eabi/13.2.1/../../../arm-none-eabi/lib/thumb/v8-m.main+fp/softfp/libg.a(libc_a-__atexit.o)
 .ARM.attributes
                0x00000a9e       0x36 /usr/lib/gcc/arm-none-eabi/13.2.1/../../../arm-none-eabi/lib/thumb/v8-m.main+fp/softfp/libg.a(libc_a-__call_atexit.o)
 .ARM.attributes
                0x00000ad4       0x36 /usr/lib/gcc/arm-none-eabi/13.2.1/thumb/v8-m.main+fp/softfp/crtend.o

.comment        0x00000000       0x26
 .comment       0x00000000       0x26 /usr/lib/gcc/arm-none-eabi/13.2.1/thumb/v8-m.main+fp/softfp/crtbegin.o
                                 0x27 (size before relaxing)
 .comment       0x00000026       0x27 CMakeFiles/rp2350_vvvf_bldc.dir/src/main.c.obj
 .comment       0x00000026       0x27 CMakeFiles/rp2350_vvvf_bldc.dir/_deps/pico_sdk-src/src/rp2_common/hardware_gpio/gpio.c.obj
 .comment       0x00000026       0x27 CMakeFiles/rp2350_vvvf_bldc.dir/_deps/pico_sdk-src/src/rp2_common/pico_platform_panic/panic.c.obj
 .comment       0x00000026       0x27 CMakeFiles/rp2350_vvvf_bldc.dir/_deps/pico_sdk-src/src/common/hardware_claim/claim.c.obj
 .comment       0x00000026       0x27 CMakeFiles/rp2350_vvvf_bldc.dir/_deps/pico_sdk-src/src/rp2_common/hardware_sync/sync.c.obj
 .comment       0x00000026       0x27 CMakeFiles/rp2350_vvvf_bldc.dir/_deps/pico_sdk-src/src/rp2_common/hardware_sync_spin_lock/sync_spin_lock.c.obj
 .comment       0x00000026       0x27 CMakeFiles/rp2350_vvvf_bldc.dir/_deps/pico_sdk-src/src/rp2_common/hardware_irq/irq.c.obj
 .comment       0x00000026       0x27 CMakeFiles/rp2350_vvvf_bldc.dir/_deps/pico_sdk-src/src/common/pico_sync/lock_core.c.obj
 .comment       0x00000026       0x27 CMakeFiles/rp2350_vvvf_bldc.dir/_deps/pico_sdk-src/src/common/pico_sync/mutex.c.obj
 .comment       0x00000026       0x27 CMakeFiles/rp2350_vvvf_bldc.dir/_deps/pico_sdk-src/src/common/pico_sync/critical_section.c.obj
 .comment       0x00000026       0x27 CMakeFiles/rp2350_vvvf_bldc.dir/_deps/pico_sdk-src/src/common/pico_time/time.c.obj
 .comment       0x00000026       0x27 CMakeFiles/rp2350_vvvf_bldc.dir/_deps/pico_sdk-src/src/rp2_common/hardware_timer/timer.c.obj
 .comment       0x00000026       0x27 CMakeFiles/rp2350_vvvf_bldc.dir/_deps/pico_sdk-src/src/rp2_common/hardware_clocks/clocks.c.obj
 .comment       0x00000026       0x27 CMakeFiles/rp2350_vvvf_bldc.dir/_deps/pico_sdk-src/src/rp2_common/hardware_pll/pll.c.obj
 .comment       0x00000026       0x27 CMakeFiles/rp2350_vvvf_bldc.dir/_deps/pico_sdk-src/src/rp2_common/hardware_watchdog/watchdog.c.obj
 .comment       0x00000026       0x27 CMakeFiles/rp2350_vvvf_bldc.dir/_deps/pico_sdk-src/src/rp2_common/hardware_ticks/ticks.c.obj
 .comment       0x00000026       0x27 CMakeFiles/rp2350_vvvf_bldc.dir/_deps/pico_sdk-src/src/rp2_common/hardware_xosc/xosc.c.obj
 .comment       0x00000026       0x27 CMakeFiles/rp2350_vvvf_bldc.dir/_deps/pico_sdk-src/src/rp2_common/pico_runtime/runtime.c.obj
 .comment       0x00000026       0x27 CMakeFiles/rp2350_vvvf_bldc.dir/_deps/pico_sdk-src/src/rp2_common/pico_runtime_init/runtime_init.c.obj
 .comment       0x00000026       0x27 CMakeFiles/rp2350_vvvf_bldc.dir/_deps/pico_sdk-src/src/rp2_common/pico_runtime_init/runtime_init_clocks.c.obj
 .comment       0x00000026       0x27 CMakeFiles/rp2350_vvvf_bldc.dir/_deps/pico_sdk-src/src/rp2_common/pico_bootrom/bootrom.c.obj
 .comment       0x00000026       0x27 CMakeFiles/rp2350_vvvf_bldc.dir/_deps/pico_sdk-src/src/rp2_common/pico_bootrom/bootrom_lock.c.obj